Archive member included to satisfy reference by file (symbol)

c:/users/user/appdata/roaming/code/user/globalstorage/bmd.stm32-for-vscode/@xpack-dev-tools/arm-none-eabi-gcc/10.2.1-1.1.2/.content/bin/../lib/gcc/arm-none-eabi/10.2.1/../../../../arm-none-eabi/lib/thumb/v7e-m+fp/hard\libc.a(lib_a-exit.o)
                              c:/users/user/appdata/roaming/code/user/globalstorage/bmd.stm32-for-vscode/@xpack-dev-tools/arm-none-eabi-gcc/10.2.1-1.1.2/.content/bin/../lib/gcc/arm-none-eabi/10.2.1/../../../../arm-none-eabi/lib/thumb/v7e-m+fp/hard/crt0.o (exit)
c:/users/user/appdata/roaming/code/user/globalstorage/bmd.stm32-for-vscode/@xpack-dev-tools/arm-none-eabi-gcc/10.2.1-1.1.2/.content/bin/../lib/gcc/arm-none-eabi/10.2.1/../../../../arm-none-eabi/lib/thumb/v7e-m+fp/hard\libc.a(lib_a-impure.o)
                              c:/users/user/appdata/roaming/code/user/globalstorage/bmd.stm32-for-vscode/@xpack-dev-tools/arm-none-eabi-gcc/10.2.1-1.1.2/.content/bin/../lib/gcc/arm-none-eabi/10.2.1/../../../../arm-none-eabi/lib/thumb/v7e-m+fp/hard\libc.a(lib_a-exit.o) (_global_impure_ptr)
c:/users/user/appdata/roaming/code/user/globalstorage/bmd.stm32-for-vscode/@xpack-dev-tools/arm-none-eabi-gcc/10.2.1-1.1.2/.content/bin/../lib/gcc/arm-none-eabi/10.2.1/../../../../arm-none-eabi/lib/thumb/v7e-m+fp/hard\libc.a(lib_a-init.o)
                              c:/users/user/appdata/roaming/code/user/globalstorage/bmd.stm32-for-vscode/@xpack-dev-tools/arm-none-eabi-gcc/10.2.1-1.1.2/.content/bin/../lib/gcc/arm-none-eabi/10.2.1/../../../../arm-none-eabi/lib/thumb/v7e-m+fp/hard/crt0.o (__libc_init_array)
c:/users/user/appdata/roaming/code/user/globalstorage/bmd.stm32-for-vscode/@xpack-dev-tools/arm-none-eabi-gcc/10.2.1-1.1.2/.content/bin/../lib/gcc/arm-none-eabi/10.2.1/../../../../arm-none-eabi/lib/thumb/v7e-m+fp/hard\libc.a(lib_a-memmove.o)
                              build/stat.o (memmove)
c:/users/user/appdata/roaming/code/user/globalstorage/bmd.stm32-for-vscode/@xpack-dev-tools/arm-none-eabi-gcc/10.2.1-1.1.2/.content/bin/../lib/gcc/arm-none-eabi/10.2.1/../../../../arm-none-eabi/lib/thumb/v7e-m+fp/hard\libc.a(lib_a-memset.o)
                              c:/users/user/appdata/roaming/code/user/globalstorage/bmd.stm32-for-vscode/@xpack-dev-tools/arm-none-eabi-gcc/10.2.1-1.1.2/.content/bin/../lib/gcc/arm-none-eabi/10.2.1/../../../../arm-none-eabi/lib/thumb/v7e-m+fp/hard/crt0.o (memset)
c:/users/user/appdata/roaming/code/user/globalstorage/bmd.stm32-for-vscode/@xpack-dev-tools/arm-none-eabi-gcc/10.2.1-1.1.2/.content/bin/../lib/gcc/arm-none-eabi/10.2.1/../../../../arm-none-eabi/lib/thumb/v7e-m+fp/hard\libc.a(lib_a-__call_atexit.o)
                              c:/users/user/appdata/roaming/code/user/globalstorage/bmd.stm32-for-vscode/@xpack-dev-tools/arm-none-eabi-gcc/10.2.1-1.1.2/.content/bin/../lib/gcc/arm-none-eabi/10.2.1/../../../../arm-none-eabi/lib/thumb/v7e-m+fp/hard\libc.a(lib_a-exit.o) (__call_exitprocs)
c:/users/user/appdata/roaming/code/user/globalstorage/bmd.stm32-for-vscode/@xpack-dev-tools/arm-none-eabi-gcc/10.2.1-1.1.2/.content/bin/../lib/gcc/arm-none-eabi/10.2.1/../../../../arm-none-eabi/lib/thumb/v7e-m+fp/hard\libc.a(lib_a-fini.o)
                              c:/users/user/appdata/roaming/code/user/globalstorage/bmd.stm32-for-vscode/@xpack-dev-tools/arm-none-eabi-gcc/10.2.1-1.1.2/.content/bin/../lib/gcc/arm-none-eabi/10.2.1/../../../../arm-none-eabi/lib/thumb/v7e-m+fp/hard\libc.a(lib_a-__call_atexit.o) (__libc_fini_array)
c:/users/user/appdata/roaming/code/user/globalstorage/bmd.stm32-for-vscode/@xpack-dev-tools/arm-none-eabi-gcc/10.2.1-1.1.2/.content/bin/../lib/gcc/arm-none-eabi/10.2.1/../../../../arm-none-eabi/lib/thumb/v7e-m+fp/hard\libc.a(lib_a-lock.o)
                              c:/users/user/appdata/roaming/code/user/globalstorage/bmd.stm32-for-vscode/@xpack-dev-tools/arm-none-eabi-gcc/10.2.1-1.1.2/.content/bin/../lib/gcc/arm-none-eabi/10.2.1/../../../../arm-none-eabi/lib/thumb/v7e-m+fp/hard\libc.a(lib_a-__call_atexit.o) (__retarget_lock_acquire_recursive)
c:/users/user/appdata/roaming/code/user/globalstorage/bmd.stm32-for-vscode/@xpack-dev-tools/arm-none-eabi-gcc/10.2.1-1.1.2/.content/bin/../lib/gcc/arm-none-eabi/10.2.1/../../../../arm-none-eabi/lib/thumb/v7e-m+fp/hard\libc.a(lib_a-atexit.o)
                              c:/users/user/appdata/roaming/code/user/globalstorage/bmd.stm32-for-vscode/@xpack-dev-tools/arm-none-eabi-gcc/10.2.1-1.1.2/.content/bin/../lib/gcc/arm-none-eabi/10.2.1/../../../../arm-none-eabi/lib/thumb/v7e-m+fp/hard\libc.a(lib_a-__call_atexit.o) (atexit)
c:/users/user/appdata/roaming/code/user/globalstorage/bmd.stm32-for-vscode/@xpack-dev-tools/arm-none-eabi-gcc/10.2.1-1.1.2/.content/bin/../lib/gcc/arm-none-eabi/10.2.1/../../../../arm-none-eabi/lib/thumb/v7e-m+fp/hard\libc.a(lib_a-__atexit.o)
[...]
Memory Configuration

Name             Origin             Length             Attributes
RAM              0x0000000020000000 0x0000000000020000 xrw
CCMRAM           0x0000000010000000 0x0000000000010000 xrw
FLASH            0x0000000008000000 0x0000000000080000 xr
*default*        0x0000000000000000 0xffffffffffffffff

Linker script and memory map

LOAD c:/users/user/appdata/roaming/code/user/globalstorage/bmd.stm32-for-vscode/@xpack-dev-tools/arm-none-eabi-gcc/10.2.1-1.1.2/.content/bin/../lib/gcc/arm-none-eabi/10.2.1/thumb/v7e-m+fp/hard/crti.o
LOAD c:/users/user/appdata/roaming/code/user/globalstorage/bmd.stm32-for-vscode/@xpack-dev-tools/arm-none-eabi-gcc/10.2.1-1.1.2/.content/bin/../lib/gcc/arm-none-eabi/10.2.1/thumb/v7e-m+fp/hard/crtbegin.o
LOAD c:/users/user/appdata/roaming/code/user/globalstorage/bmd.stm32-for-vscode/@xpack-dev-tools/arm-none-eabi-gcc/10.2.1-1.1.2/.content/bin/../lib/gcc/arm-none-eabi/10.2.1/../../../../arm-none-eabi/lib/thumb/v7e-m+fp/hard/crt0.o
LOAD build/Detector.o
LOAD build/FindX.o
LOAD build/StatPM.o
LOAD build/stat.o
LOAD build/NOS_ModBus.o
LOAD build/main.o
LOAD build/stm32f4xx_hal_msp.o
LOAD build/stm32f4xx_it.o
LOAD build/system_stm32f4xx.o
LOAD build/stm32f4xx_hal.o
LOAD build/stm32f4xx_hal_cortex.o
LOAD build/stm32f4xx_hal_dma.o
LOAD build/stm32f4xx_hal_dma_ex.o
LOAD build/stm32f4xx_hal_exti.o
LOAD build/stm32f4xx_hal_flash.o
LOAD build/stm32f4xx_hal_flash_ex.o
LOAD build/stm32f4xx_hal_flash_ramfunc.o
LOAD build/stm32f4xx_hal_gpio.o
LOAD build/stm32f4xx_hal_pwr.o
LOAD build/stm32f4xx_hal_pwr_ex.o
LOAD build/stm32f4xx_hal_rcc.o
LOAD build/stm32f4xx_hal_rcc_ex.o
LOAD build/stm32f4xx_hal_tim.o
LOAD build/stm32f4xx_hal_tim_ex.o
LOAD build/stm32f4xx_hal_uart.o
LOAD build/startup_stm32f407xx.o
LOAD c:/users/user/appdata/roaming/code/user/globalstorage/bmd.stm32-for-vscode/@xpack-dev-tools/arm-none-eabi-gcc/10.2.1-1.1.2/.content/bin/../lib/gcc/arm-none-eabi/10.2.1/../../../../arm-none-eabi/lib/thumb/v7e-m+fp/hard\libc.a
LOAD c:/users/user/appdata/roaming/code/user/globalstorage/bmd.stm32-for-vscode/@xpack-dev-tools/arm-none-eabi-gcc/10.2.1-1.1.2/.content/bin/../lib/gcc/arm-none-eabi/10.2.1/../../../../arm-none-eabi/lib/thumb/v7e-m+fp/hard\libm.a
LOAD c:/users/user/appdata/roaming/code/user/globalstorage/bmd.stm32-for-vscode/@xpack-dev-tools/arm-none-eabi-gcc/10.2.1-1.1.2/.content/bin/../lib/gcc/arm-none-eabi/10.2.1/../../../../arm-none-eabi/lib/thumb/v7e-m+fp/hard\libnosys.a
START GROUP
LOAD c:/users/user/appdata/roaming/code/user/globalstorage/bmd.stm32-for-vscode/@xpack-dev-tools/arm-none-eabi-gcc/10.2.1-1.1.2/.content/bin/../lib/gcc/arm-none-eabi/10.2.1/thumb/v7e-m+fp/hard\libgcc.a
LOAD c:/users/user/appdata/roaming/code/user/globalstorage/bmd.stm32-for-vscode/@xpack-dev-tools/arm-none-eabi-gcc/10.2.1-1.1.2/.content/bin/../lib/gcc/arm-none-eabi/10.2.1/../../../../arm-none-eabi/lib/thumb/v7e-m+fp/hard\libc.a
END GROUP
START GROUP
LOAD c:/users/user/appdata/roaming/code/user/globalstorage/bmd.stm32-for-vscode/@xpack-dev-tools/arm-none-eabi-gcc/10.2.1-1.1.2/.content/bin/../lib/gcc/arm-none-eabi/10.2.1/thumb/v7e-m+fp/hard\libgcc.a
LOAD c:/users/user/appdata/roaming/code/user/globalstorage/bmd.stm32-for-vscode/@xpack-dev-tools/arm-none-eabi-gcc/10.2.1-1.1.2/.content/bin/../lib/gcc/arm-none-eabi/10.2.1/../../../../arm-none-eabi/lib/thumb/v7e-m+fp/hard\libc.a
LOAD c:/users/user/appdata/roaming/code/user/globalstorage/bmd.stm32-for-vscode/@xpack-dev-tools/arm-none-eabi-gcc/10.2.1-1.1.2/.content/bin/../lib/gcc/arm-none-eabi/10.2.1/../../../../arm-none-eabi/lib/thumb/v7e-m+fp/hard\libnosys.a
END GROUP
LOAD c:/users/user/appdata/roaming/code/user/globalstorage/bmd.stm32-for-vscode/@xpack-dev-tools/arm-none-eabi-gcc/10.2.1-1.1.2/.content/bin/../lib/gcc/arm-none-eabi/10.2.1/thumb/v7e-m+fp/hard/crtend.o
LOAD c:/users/user/appdata/roaming/code/user/globalstorage/bmd.stm32-for-vscode/@xpack-dev-tools/arm-none-eabi-gcc/10.2.1-1.1.2/.content/bin/../lib/gcc/arm-none-eabi/10.2.1/thumb/v7e-m+fp/hard/crtn.o
                0x0000000020020000                _estack = 0x20020000
                0x0000000000000200                _Min_Heap_Size = 0x200
                0x0000000000000400                _Min_Stack_Size = 0x400

.isr_vector     0x0000000008000000      0x188
                0x0000000008000000                . = ALIGN (0x4)
 *(.isr_vector)
 .isr_vector    0x0000000008000000      0x188 build/startup_stm32f407xx.o
                0x0000000008000000                g_pfnVectors
                0x0000000008000188                . = ALIGN (0x4)

.text           0x0000000008000188     0x44d4
                0x0000000008000188                . = ALIGN (0x4)
 *(.text)
 .text          0x0000000008000188      0x378 c:/users/user/appdata/roaming/code/user/globalstorage/bmd.stm32-for-vscode/@xpack-dev-tools/arm-none-eabi-gcc/10.2.1-1.1.2/.content/bin/../lib/gcc/arm-none-eabi/10.2.1/thumb/v7e-m+fp/hard\libgcc.a(_arm_addsubdf3.o)
                0x0000000008000188                __aeabi_drsub
                0x0000000008000190                __aeabi_dsub
                0x0000000008000190                __subdf3
                0x0000000008000194                __aeabi_dadd
                0x0000000008000194                __adddf3
                0x000000000800040c                __floatunsidf
                0x000000000800040c                __aeabi_ui2d
                0x000000000800042c                __floatsidf
                0x000000000800042c                __aeabi_i2d
                0x0000000008000450                __aeabi_f2d
                0x0000000008000450                __extendsfdf2
                0x0000000008000494                __floatundidf
                0x0000000008000494                __aeabi_ul2d
                0x00000000080004a4                __floatdidf
                0x00000000080004a4                __aeabi_l2d
 .text          0x0000000008000500      0x424 c:/users/user/appdata/roaming/code/user/globalstorage/bmd.stm32-for-vscode/@xpack-dev-tools/arm-none-eabi-gcc/10.2.1-1.1.2/.content/bin/../lib/gcc/arm-none-eabi/10.2.1/thumb/v7e-m+fp/hard\libgcc.a(_arm_muldivdf3.o)
                0x0000000008000500                __aeabi_dmul
                0x0000000008000500                __muldf3
                0x0000000008000754                __divdf3
                0x0000000008000754                __aeabi_ddiv
 .text          0x0000000008000924      0x110 c:/users/user/appdata/roaming/code/user/globalstorage/bmd.stm32-for-vscode/@xpack-dev-tools/arm-none-eabi-gcc/10.2.1-1.1.2/.content/bin/../lib/gcc/arm-none-eabi/10.2.1/thumb/v7e-m+fp/hard\libgcc.a(_arm_cmpdf2.o)
                0x0000000008000924                __gtdf2
                0x0000000008000924                __gedf2
                0x000000000800092c                __ltdf2
                0x000000000800092c                __ledf2
                0x0000000008000934                __nedf2
                0x0000000008000934                __eqdf2
                0x0000000008000934                __cmpdf2
                0x00000000080009b0                __aeabi_cdrcmple
                0x00000000080009c0                __aeabi_cdcmpeq
                0x00000000080009c0                __aeabi_cdcmple
                0x00000000080009d0                __aeabi_dcmpeq
                0x00000000080009e4                __aeabi_dcmplt
                0x00000000080009f8                __aeabi_dcmple
                0x0000000008000a0c                __aeabi_dcmpge
                0x0000000008000a20                __aeabi_dcmpgt
 .text          0x0000000008000a34       0xa0 c:/users/user/appdata/roaming/code/user/globalstorage/bmd.stm32-for-vscode/@xpack-dev-tools/arm-none-eabi-gcc/10.2.1-1.1.2/.content/bin/../lib/gcc/arm-none-eabi/10.2.1/thumb/v7e-m+fp/hard\libgcc.a(_arm_truncdfsf2.o)
                0x0000000008000a34                __truncdfsf2
                0x0000000008000a34                __aeabi_d2f
 .text          0x0000000008000ad4      0x21c c:/users/user/appdata/roaming/code/user/globalstorage/bmd.stm32-for-vscode/@xpack-dev-tools/arm-none-eabi-gcc/10.2.1-1.1.2/.content/bin/../lib/gcc/arm-none-eabi/10.2.1/thumb/v7e-m+fp/hard\libgcc.a(_arm_addsubsf3.o)
                0x0000000008000ad4                __aeabi_frsub
                0x0000000008000adc                __subsf3
                0x0000000008000adc                __aeabi_fsub
                0x0000000008000ae0                __aeabi_fadd
                0x0000000008000ae0                __addsf3
                0x0000000008000c40                __aeabi_ui2f
                0x0000000008000c40                __floatunsisf
                0x0000000008000c48                __aeabi_i2f
                0x0000000008000c48                __floatsisf
                0x0000000008000c64                __aeabi_ul2f
                0x0000000008000c64                __floatundisf
                0x0000000008000c74                __aeabi_l2f
                0x0000000008000c74                __floatdisf
 .text          0x0000000008000cf0       0x30 c:/users/user/appdata/roaming/code/user/globalstorage/bmd.stm32-for-vscode/@xpack-dev-tools/arm-none-eabi-gcc/10.2.1-1.1.2/.content/bin/../lib/gcc/arm-none-eabi/10.2.1/thumb/v7e-m+fp/hard\libgcc.a(_aeabi_uldivmod.o)
                0x0000000008000cf0                __aeabi_uldivmod
 .text          0x0000000008000d20      0x1ac c:/users/user/appdata/roaming/code/user/globalstorage/bmd.stm32-for-vscode/@xpack-dev-tools/arm-none-eabi-gcc/10.2.1-1.1.2/.content/bin/../lib/gcc/arm-none-eabi/10.2.1/thumb/v7e-m+fp/hard\libgcc.a(libunwind.o)
                0x0000000008000d20                __restore_core_regs
                0x0000000008000d20                restore_core_regs
                0x0000000008000d38                __gnu_Unwind_Restore_VFP
                0x0000000008000d40                __gnu_Unwind_Save_VFP
                0x0000000008000d48                __gnu_Unwind_Restore_VFP_D
                0x0000000008000d50                __gnu_Unwind_Save_VFP_D
                0x0000000008000d58                __gnu_Unwind_Restore_VFP_D_16_to_31
                0x0000000008000d60                __gnu_Unwind_Save_VFP_D_16_to_31
                0x0000000008000d68                __gnu_Unwind_Restore_WMMXD
                0x0000000008000dac                __gnu_Unwind_Save_WMMXD
                0x0000000008000df0                __gnu_Unwind_Restore_WMMXC
                0x0000000008000e04                __gnu_Unwind_Save_WMMXC
                0x0000000008000e18                ___Unwind_RaiseException
                0x0000000008000e18                _Unwind_RaiseException
                0x0000000008000e3c                _Unwind_Resume
                0x0000000008000e3c                ___Unwind_Resume
                0x0000000008000e60                _Unwind_Resume_or_Rethrow
                0x0000000008000e60                ___Unwind_Resume_or_Rethrow
                0x0000000008000e84                _Unwind_ForcedUnwind
                0x0000000008000e84                ___Unwind_ForcedUnwind
                0x0000000008000ea8                ___Unwind_Backtrace
                0x0000000008000ea8                _Unwind_Backtrace
 .text          0x0000000008000ecc        0x4 c:/users/user/appdata/roaming/code/user/globalstorage/bmd.stm32-for-vscode/@xpack-dev-tools/arm-none-eabi-gcc/10.2.1-1.1.2/.content/bin/../lib/gcc/arm-none-eabi/10.2.1/thumb/v7e-m+fp/hard\libgcc.a(_dvmd_tls.o)
                0x0000000008000ecc                __aeabi_idiv0
                0x0000000008000ecc                __aeabi_ldiv0
 .text          0x0000000008000ed0      0x134 c:/users/user/appdata/roaming/code/user/globalstorage/bmd.stm32-for-vscode/@xpack-dev-tools/arm-none-eabi-gcc/10.2.1-1.1.2/.content/bin/../lib/gcc/arm-none-eabi/10.2.1/../../../../arm-none-eabi/lib/thumb/v7e-m+fp/hard\libc.a(lib_a-memcpy.o)
                0x0000000008000ed0                memcpy
 *(.text*)
 .text.__do_global_dtors_aux
                0x0000000008001004       0x24 c:/users/user/appdata/roaming/code/user/globalstorage/bmd.stm32-for-vscode/@xpack-dev-tools/arm-none-eabi-gcc/10.2.1-1.1.2/.content/bin/../lib/gcc/arm-none-eabi/10.2.1/thumb/v7e-m+fp/hard/crtbegin.o
 .text.frame_dummy
                0x0000000008001028       0x1c c:/users/user/appdata/roaming/code/user/globalstorage/bmd.stm32-for-vscode/@xpack-dev-tools/arm-none-eabi-gcc/10.2.1-1.1.2/.content/bin/../lib/gcc/arm-none-eabi/10.2.1/thumb/v7e-m+fp/hard/crtbegin.o
 .text.Detector_Init_Param
                0x0000000008001044       0x18 build/Detector.o
                0x0000000008001044                Detector_Init_Param
 .text.Detector_GetuZvValue
                0x000000000800105c       0x2c build/Detector.o
                0x000000000800105c                Detector_GetuZvValue
 .text.ssqrt    0x0000000008001088       0x28 build/FindX.o
                0x0000000008001088                ssqrt
 .text.FW5_Write
                0x00000000080010b0       0x10 build/FindX.o
                0x00000000080010b0                FW5_Write
 .text.FW5_SetPorog
                0x00000000080010c0       0x14 build/FindX.o
                0x00000000080010c0                FW5_SetPorog
 .text.FW5_Clear
                0x00000000080010d4        0xc build/FindX.o
                0x00000000080010d4                FW5_Clear
 .text.FW5_Calibration
                0x00000000080010e0       0x20 build/FindX.o
                0x00000000080010e0                FW5_Calibration
 .text.FW5_CalculatePorog_i
                0x0000000008001100       0x94 build/FindX.o
                0x0000000008001100                FW5_CalculatePorog_i
 .text.FW5_Read
                0x0000000008001194      0x100 build/FindX.o
                0x0000000008001194                FW5_Read
 .text.FW5_Find
                0x0000000008001294      0x124 build/FindX.o
                0x0000000008001294                FW5_Find
 .text.FW5_G5Find
                0x00000000080013b8       0x70 build/FindX.o
                0x00000000080013b8                FW5_G5Find
 .text.Stat_Init
                0x0000000008001428       0x3a build/StatPM.o
                0x0000000008001428                Stat_Init
 *fill*         0x0000000008001462        0x2 
 .text.Stat_AddData250ms
                0x0000000008001464       0x2c build/StatPM.o
                0x0000000008001464                Stat_AddData250ms
 .text.Stat_GetStatus
                0x0000000008001490       0x84 build/StatPM.o
                0x0000000008001490                Stat_GetStatus
 *fill*         0x0000000008001514        0x4 
 .text.sum      0x0000000008001518       0x40 build/stat.o
 .text.stat_SetDeatTime
                0x0000000008001558       0x30 build/stat.o
                0x0000000008001558                stat_SetDeatTime
 .text.Get_Tau_CPS
                0x0000000008001588       0x40 build/stat.o
                0x0000000008001588                Get_Tau_CPS
 .text.stat_add
                0x00000000080015c8      0x118 build/stat.o
                0x00000000080015c8                stat_add
 .text.fsqrt    0x00000000080016e0       0x28 build/stat.o
                0x00000000080016e0                fsqrt
 .text.border_low_tpc
                0x0000000008001708       0x6c build/stat.o
 .text.need_reject
                0x0000000008001774       0xf0 build/stat.o
 .text.stat_check
                0x0000000008001864      0x140 build/stat.o
                0x0000000008001864                stat_check
 *fill*         0x00000000080019a4        0x4 
 .text.stat_calc_cps
                0x00000000080019a8      0x120 build/stat.o
                0x00000000080019a8                stat_calc_cps
 .text.GetCRC16
                0x0000000008001ac8       0x38 build/NOS_ModBus.o
                0x0000000008001ac8                GetCRC16
 .text.NOS_ModBus_ParseMasterCommand
                0x0000000008001b00       0xa0 build/NOS_ModBus.o
                0x0000000008001b00                NOS_ModBus_ParseMasterCommand
 .text.MX_GPIO_Init
                0x0000000008001ba0       0xa0 build/main.o
 .text.NOS_ModBus_SendSlaveCommand
                0x0000000008001c40       0xfc build/main.o
                0x0000000008001c40                NOS_ModBus_SendSlaveCommand
 .text.HAL_UART_RxCpltCallback
                0x0000000008001d3c       0xf8 build/main.o
                0x0000000008001d3c                HAL_UART_RxCpltCallback
 .text.SysTick_Handler
                0x0000000008001e34       0x48 build/main.o
                0x0000000008001e34                SysTick_Handler
 .text.EXTI0_IRQHandler
                0x0000000008001e7c       0x1c build/main.o
                0x0000000008001e7c                EXTI0_IRQHandler
 .text.EXTI1_IRQHandler
                0x0000000008001e98        0xa build/main.o
                0x0000000008001e98                EXTI1_IRQHandler
 .text.Error_Handler
                0x0000000008001ea2        0x4 build/main.o
                0x0000000008001ea2                Error_Handler
 *fill*         0x0000000008001ea6        0x2 
 .text.MX_USART2_UART_Init
                0x0000000008001ea8       0x34 build/main.o
 .text.SystemClock_Config
                0x0000000008001edc       0xa4 build/main.o
                0x0000000008001edc                SystemClock_Config
 .text.main     0x0000000008001f80      0x164 build/main.o
                0x0000000008001f80                main
 .text.HAL_MspInit
                0x00000000080020e4       0x38 build/stm32f4xx_hal_msp.o
                0x00000000080020e4                HAL_MspInit
 .text.HAL_UART_MspInit
                0x000000000800211c       0x7c build/stm32f4xx_hal_msp.o
                0x000000000800211c                HAL_UART_MspInit
 .text.NMI_Handler
                0x0000000008002198        0x2 build/stm32f4xx_it.o
                0x0000000008002198                NMI_Handler
 .text.HardFault_Handler
                0x000000000800219a        0x2 build/stm32f4xx_it.o
                0x000000000800219a                HardFault_Handler
 .text.MemManage_Handler
                0x000000000800219c        0x2 build/stm32f4xx_it.o
                0x000000000800219c                MemManage_Handler
 .text.BusFault_Handler
                0x000000000800219e        0x2 build/stm32f4xx_it.o
                0x000000000800219e                BusFault_Handler
 .text.UsageFault_Handler
                0x00000000080021a0        0x2 build/stm32f4xx_it.o
                0x00000000080021a0                UsageFault_Handler
 .text.SVC_Handler
                0x00000000080021a2        0x2 build/stm32f4xx_it.o
                0x00000000080021a2                SVC_Handler
 .text.DebugMon_Handler
                0x00000000080021a4        0x2 build/stm32f4xx_it.o
                0x00000000080021a4                DebugMon_Handler
 .text.PendSV_Handler
                0x00000000080021a6        0x2 build/stm32f4xx_it.o
                0x00000000080021a6                PendSV_Handler
 .text.USART2_IRQHandler
                0x00000000080021a8       0x10 build/stm32f4xx_it.o
                0x00000000080021a8                USART2_IRQHandler
 .text.SystemInit
                0x00000000080021b8       0x14 build/system_stm32f4xx.o
                0x00000000080021b8                SystemInit
 .text.HAL_InitTick
                0x00000000080021cc       0x4c build/stm32f4xx_hal.o
                0x00000000080021cc                HAL_InitTick
 .text.HAL_Init
                0x0000000008002218       0x34 build/stm32f4xx_hal.o
                0x0000000008002218                HAL_Init
 .text.HAL_IncTick
                0x000000000800224c       0x18 build/stm32f4xx_hal.o
                0x000000000800224c                HAL_IncTick
 .text.HAL_GetTick
                0x0000000008002264        0xc build/stm32f4xx_hal.o
                0x0000000008002264                HAL_GetTick
 .text.HAL_NVIC_SetPriorityGrouping
                0x0000000008002270       0x24 build/stm32f4xx_hal_cortex.o
                0x0000000008002270                HAL_NVIC_SetPriorityGrouping
 .text.HAL_NVIC_SetPriority
                0x0000000008002294       0x70 build/stm32f4xx_hal_cortex.o
                0x0000000008002294                HAL_NVIC_SetPriority
 .text.HAL_NVIC_EnableIRQ
                0x0000000008002304       0x1c build/stm32f4xx_hal_cortex.o
                0x0000000008002304                HAL_NVIC_EnableIRQ
 .text.HAL_SYSTICK_Config
                0x0000000008002320       0x28 build/stm32f4xx_hal_cortex.o
                0x0000000008002320                HAL_SYSTICK_Config
 .text.HAL_DMA_Abort
                0x0000000008002348       0x94 build/stm32f4xx_hal_dma.o
                0x0000000008002348                HAL_DMA_Abort
 .text.HAL_DMA_Abort_IT
                0x00000000080023dc       0x26 build/stm32f4xx_hal_dma.o
                0x00000000080023dc                HAL_DMA_Abort_IT
 *fill*         0x0000000008002402        0x2 
 .text.HAL_GPIO_Init
                0x0000000008002404      0x1e4 build/stm32f4xx_hal_gpio.o
                0x0000000008002404                HAL_GPIO_Init
 .text.HAL_GPIO_WritePin
                0x00000000080025e8        0xc build/stm32f4xx_hal_gpio.o
                0x00000000080025e8                HAL_GPIO_WritePin
 .text.HAL_GPIO_TogglePin
                0x00000000080025f4       0x12 build/stm32f4xx_hal_gpio.o
                0x00000000080025f4                HAL_GPIO_TogglePin
 .text.HAL_GPIO_EXTI_Callback
                0x0000000008002606        0x2 build/stm32f4xx_hal_gpio.o
                0x0000000008002606                HAL_GPIO_EXTI_Callback
 .text.HAL_GPIO_EXTI_IRQHandler
                0x0000000008002608       0x1c build/stm32f4xx_hal_gpio.o
                0x0000000008002608                HAL_GPIO_EXTI_IRQHandler
 .text.HAL_RCC_OscConfig
                0x0000000008002624      0x3f8 build/stm32f4xx_hal_rcc.o
                0x0000000008002624                HAL_RCC_OscConfig
 .text.HAL_RCC_GetSysClockFreq
                0x0000000008002a1c       0xa4 build/stm32f4xx_hal_rcc.o
                0x0000000008002a1c                HAL_RCC_GetSysClockFreq
 .text.HAL_RCC_ClockConfig
                0x0000000008002ac0      0x160 build/stm32f4xx_hal_rcc.o
                0x0000000008002ac0                HAL_RCC_ClockConfig
 .text.HAL_RCC_GetHCLKFreq
                0x0000000008002c20        0xc build/stm32f4xx_hal_rcc.o
                0x0000000008002c20                HAL_RCC_GetHCLKFreq
 .text.HAL_RCC_GetPCLK1Freq
                0x0000000008002c2c       0x20 build/stm32f4xx_hal_rcc.o
                0x0000000008002c2c                HAL_RCC_GetPCLK1Freq
 .text.HAL_RCC_GetPCLK2Freq
                0x0000000008002c4c       0x20 build/stm32f4xx_hal_rcc.o
                0x0000000008002c4c                HAL_RCC_GetPCLK2Freq
 .text.UART_EndRxTransfer
                0x0000000008002c6c       0x5c build/stm32f4xx_hal_uart.o
 .text.UART_Transmit_IT
                0x0000000008002cc8       0x60 build/stm32f4xx_hal_uart.o
 .text.UART_SetConfig
                0x0000000008002d28      0x110 build/stm32f4xx_hal_uart.o
 .text.HAL_UART_Init
                0x0000000008002e38       0x5e build/stm32f4xx_hal_uart.o
                0x0000000008002e38                HAL_UART_Init
 .text.HAL_UART_Transmit_IT
                0x0000000008002e96       0x4e build/stm32f4xx_hal_uart.o
                0x0000000008002e96                HAL_UART_Transmit_IT
 .text.HAL_UART_TxCpltCallback
                0x0000000008002ee4        0x2 build/stm32f4xx_hal_uart.o
                0x0000000008002ee4                HAL_UART_TxCpltCallback
 .text.UART_EndTransmit_IT
                0x0000000008002ee6       0x1a build/stm32f4xx_hal_uart.o
 .text.HAL_UART_ErrorCallback
                0x0000000008002f00        0x2 build/stm32f4xx_hal_uart.o
                0x0000000008002f00                HAL_UART_ErrorCallback
 .text.UART_DMAAbortOnError
                0x0000000008002f02       0x10 build/stm32f4xx_hal_uart.o
 .text.HAL_UARTEx_RxEventCallback
                0x0000000008002f12        0x2 build/stm32f4xx_hal_uart.o
                0x0000000008002f12                HAL_UARTEx_RxEventCallback
 .text.UART_Receive_IT
                0x0000000008002f14       0xe2 build/stm32f4xx_hal_uart.o
 *fill*         0x0000000008002ff6        0x2 
 .text.HAL_UART_IRQHandler
                0x0000000008002ff8      0x280 build/stm32f4xx_hal_uart.o
                0x0000000008002ff8                HAL_UART_IRQHandler
 .text.UART_Start_Receive_IT
                0x0000000008003278       0x36 build/stm32f4xx_hal_uart.o
                0x0000000008003278                UART_Start_Receive_IT
 .text.HAL_UART_Receive_IT
                0x00000000080032ae       0x38 build/stm32f4xx_hal_uart.o
                0x00000000080032ae                HAL_UART_Receive_IT
 *fill*         0x00000000080032e6        0x2 
 .text.Reset_Handler
                0x00000000080032e8       0x50 build/startup_stm32f407xx.o
                0x00000000080032e8                Reset_Handler
 .text.Default_Handler
                0x0000000008003338        0x2 build/startup_stm32f407xx.o
                0x0000000008003338                RTC_Alarm_IRQHandler
                0x0000000008003338                HASH_RNG_IRQHandler
                0x0000000008003338                EXTI2_IRQHandler
                0x0000000008003338                TIM8_CC_IRQHandler
                0x0000000008003338                TIM1_CC_IRQHandler
                0x0000000008003338                DMA2_Stream5_IRQHandler
                0x0000000008003338                DMA1_Stream5_IRQHandler
                0x0000000008003338                PVD_IRQHandler
                0x0000000008003338                SDIO_IRQHandler
                0x0000000008003338                TAMP_STAMP_IRQHandler
                0x0000000008003338                CAN2_RX1_IRQHandler
                0x0000000008003338                EXTI3_IRQHandler
                0x0000000008003338                TIM8_TRG_COM_TIM14_IRQHandler
                0x0000000008003338                TIM1_UP_TIM10_IRQHandler
                0x0000000008003338                TIM8_UP_TIM13_IRQHandler
                0x0000000008003338                I2C3_ER_IRQHandler
                0x0000000008003338                I2C2_EV_IRQHandler
                0x0000000008003338                DMA1_Stream2_IRQHandler
                0x0000000008003338                CAN1_RX0_IRQHandler
                0x0000000008003338                FPU_IRQHandler
                0x0000000008003338                OTG_HS_WKUP_IRQHandler
                0x0000000008003338                CAN2_SCE_IRQHandler
                0x0000000008003338                DMA2_Stream2_IRQHandler
                0x0000000008003338                SPI1_IRQHandler
                0x0000000008003338                TIM6_DAC_IRQHandler
                0x0000000008003338                TIM1_BRK_TIM9_IRQHandler
                0x0000000008003338                DCMI_IRQHandler
                0x0000000008003338                CAN2_RX0_IRQHandler
                0x0000000008003338                DMA2_Stream3_IRQHandler
                0x0000000008003338                USART6_IRQHandler
                0x0000000008003338                USART3_IRQHandler
                0x0000000008003338                CAN1_RX1_IRQHandler
                0x0000000008003338                UART5_IRQHandler
                0x0000000008003338                DMA2_Stream0_IRQHandler
                0x0000000008003338                TIM4_IRQHandler
                0x0000000008003338                I2C1_EV_IRQHandler
                0x0000000008003338                DMA1_Stream6_IRQHandler
                0x0000000008003338                DMA1_Stream1_IRQHandler
                0x0000000008003338                UART4_IRQHandler
                0x0000000008003338                TIM3_IRQHandler
                0x0000000008003338                RCC_IRQHandler
                0x0000000008003338                TIM8_BRK_TIM12_IRQHandler
                0x0000000008003338                Default_Handler
                0x0000000008003338                EXTI15_10_IRQHandler
                0x0000000008003338                ADC_IRQHandler
                0x0000000008003338                DMA1_Stream7_IRQHandler
                0x0000000008003338                TIM7_IRQHandler
                0x0000000008003338                CAN2_TX_IRQHandler
                0x0000000008003338                TIM5_IRQHandler
                0x0000000008003338                DMA2_Stream7_IRQHandler
                0x0000000008003338                I2C3_EV_IRQHandler
                0x0000000008003338                EXTI9_5_IRQHandler
                0x0000000008003338                RTC_WKUP_IRQHandler
                0x0000000008003338                ETH_WKUP_IRQHandler
                0x0000000008003338                SPI2_IRQHandler
                0x0000000008003338                OTG_HS_EP1_IN_IRQHandler
                0x0000000008003338                DMA1_Stream0_IRQHandler
                0x0000000008003338                CAN1_TX_IRQHandler
                0x0000000008003338                EXTI4_IRQHandler
                0x0000000008003338                FSMC_IRQHandler
                0x0000000008003338                ETH_IRQHandler
                0x0000000008003338                OTG_HS_EP1_OUT_IRQHandler
                0x0000000008003338                WWDG_IRQHandler
                0x0000000008003338                TIM2_IRQHandler
                0x0000000008003338                OTG_FS_WKUP_IRQHandler
                0x0000000008003338                TIM1_TRG_COM_TIM11_IRQHandler
                0x0000000008003338                OTG_HS_IRQHandler
                0x0000000008003338                I2C2_ER_IRQHandler
                0x0000000008003338                DMA2_Stream1_IRQHandler
                0x0000000008003338                CAN1_SCE_IRQHandler
                0x0000000008003338                FLASH_IRQHandler
                0x0000000008003338                DMA2_Stream4_IRQHandler
                0x0000000008003338                USART1_IRQHandler
                0x0000000008003338                OTG_FS_IRQHandler
                0x0000000008003338                SPI3_IRQHandler
                0x0000000008003338                DMA1_Stream4_IRQHandler
                0x0000000008003338                I2C1_ER_IRQHandler
                0x0000000008003338                DMA2_Stream6_IRQHandler
                0x0000000008003338                DMA1_Stream3_IRQHandler
 *fill*         0x000000000800333a        0x2 
 .text.__libc_init_array
                0x000000000800333c       0x48 c:/users/user/appdata/roaming/code/user/globalstorage/bmd.stm32-for-vscode/@xpack-dev-tools/arm-none-eabi-gcc/10.2.1-1.1.2/.content/bin/../lib/gcc/arm-none-eabi/10.2.1/../../../../arm-none-eabi/lib/thumb/v7e-m+fp/hard\libc.a(lib_a-init.o)
                0x000000000800333c                __libc_init_array
 .text.memmove  0x0000000008003384       0xf8 c:/users/user/appdata/roaming/code/user/globalstorage/bmd.stm32-for-vscode/@xpack-dev-tools/arm-none-eabi-gcc/10.2.1-1.1.2/.content/bin/../lib/gcc/arm-none-eabi/10.2.1/../../../../arm-none-eabi/lib/thumb/v7e-m+fp/hard\libc.a(lib_a-memmove.o)
                0x0000000008003384                memmove
 .text.memset   0x000000000800347c       0xa4 c:/users/user/appdata/roaming/code/user/globalstorage/bmd.stm32-for-vscode/@xpack-dev-tools/arm-none-eabi-gcc/10.2.1-1.1.2/.content/bin/../lib/gcc/arm-none-eabi/10.2.1/../../../../arm-none-eabi/lib/thumb/v7e-m+fp/hard\libc.a(lib_a-memset.o)
                0x000000000800347c                memset
 .text.startup.register_fini
                0x0000000008003520       0x14 c:/users/user/appdata/roaming/code/user/globalstorage/bmd.stm32-for-vscode/@xpack-dev-tools/arm-none-eabi-gcc/10.2.1-1.1.2/.content/bin/../lib/gcc/arm-none-eabi/10.2.1/../../../../arm-none-eabi/lib/thumb/v7e-m+fp/hard\libc.a(lib_a-__call_atexit.o)
 .text.__libc_fini_array
                0x0000000008003534       0x2c c:/users/user/appdata/roaming/code/user/globalstorage/bmd.stm32-for-vscode/@xpack-dev-tools/arm-none-eabi-gcc/10.2.1-1.1.2/.content/bin/../lib/gcc/arm-none-eabi/10.2.1/../../../../arm-none-eabi/lib/thumb/v7e-m+fp/hard\libc.a(lib_a-fini.o)
                0x0000000008003534                __libc_fini_array
 .text.__retarget_lock_acquire_recursive
                0x0000000008003560        0x4 c:/users/user/appdata/roaming/code/user/globalstorage/bmd.stm32-for-vscode/@xpack-dev-tools/arm-none-eabi-gcc/10.2.1-1.1.2/.content/bin/../lib/gcc/arm-none-eabi/10.2.1/../../../../arm-none-eabi/lib/thumb/v7e-m+fp/hard\libc.a(lib_a-lock.o)
                0x0000000008003560                __retarget_lock_acquire_recursive
 .text.__retarget_lock_release_recursive
                0x0000000008003564        0x4 c:/users/user/appdata/roaming/code/user/globalstorage/bmd.stm32-for-vscode/@xpack-dev-tools/arm-none-eabi-gcc/10.2.1-1.1.2/.content/bin/../lib/gcc/arm-none-eabi/10.2.1/../../../../arm-none-eabi/lib/thumb/v7e-m+fp/hard\libc.a(lib_a-lock.o)
                0x0000000008003564                __retarget_lock_release_recursive
 .text.atexit   0x0000000008003568        0xc c:/users/user/appdata/roaming/code/user/globalstorage/bmd.stm32-for-vscode/@xpack-dev-tools/arm-none-eabi-gcc/10.2.1-1.1.2/.content/bin/../lib/gcc/arm-none-eabi/10.2.1/../../../../arm-none-eabi/lib/thumb/v7e-m+fp/hard\libc.a(lib_a-atexit.o)
                0x0000000008003568                atexit
 .text.__register_exitproc
                0x0000000008003574       0x8c c:/users/user/appdata/roaming/code/user/globalstorage/bmd.stm32-for-vscode/@xpack-dev-tools/arm-none-eabi-gcc/10.2.1-1.1.2/.content/bin/../lib/gcc/arm-none-eabi/10.2.1/../../../../arm-none-eabi/lib/thumb/v7e-m+fp/hard\libc.a(lib_a-__atexit.o)
                0x0000000008003574                __register_exitproc
 .text._exit    0x0000000008003600        0x4 c:/users/user/appdata/roaming/code/user/globalstorage/bmd.stm32-for-vscode/@xpack-dev-tools/arm-none-eabi-gcc/10.2.1-1.1.2/.content/bin/../lib/gcc/arm-none-eabi/10.2.1/../../../../arm-none-eabi/lib/thumb/v7e-m+fp/hard\libnosys.a(_exit.o)
                0x0000000008003600                _exit
 .text.__udivmoddi4
                0x0000000008003604      0x2d0 c:/users/user/appdata/roaming/code/user/globalstorage/bmd.stm32-for-vscode/@xpack-dev-tools/arm-none-eabi-gcc/10.2.1-1.1.2/.content/bin/../lib/gcc/arm-none-eabi/10.2.1/thumb/v7e-m+fp/hard\libgcc.a(_udivmoddi4.o)
                0x0000000008003604                __udivmoddi4
 .text.selfrel_offset31
                0x00000000080038d4       0x14 c:/users/user/appdata/roaming/code/user/globalstorage/bmd.stm32-for-vscode/@xpack-dev-tools/arm-none-eabi-gcc/10.2.1-1.1.2/.content/bin/../lib/gcc/arm-none-eabi/10.2.1/thumb/v7e-m+fp/hard\libgcc.a(unwind-arm.o)
 .text.search_EIT_table
                0x00000000080038e8       0x5c c:/users/user/appdata/roaming/code/user/globalstorage/bmd.stm32-for-vscode/@xpack-dev-tools/arm-none-eabi-gcc/10.2.1-1.1.2/.content/bin/../lib/gcc/arm-none-eabi/10.2.1/thumb/v7e-m+fp/hard\libgcc.a(unwind-arm.o)
 .text.__gnu_unwind_get_pr_addr
                0x0000000008003944       0x28 c:/users/user/appdata/roaming/code/user/globalstorage/bmd.stm32-for-vscode/@xpack-dev-tools/arm-none-eabi-gcc/10.2.1-1.1.2/.content/bin/../lib/gcc/arm-none-eabi/10.2.1/thumb/v7e-m+fp/hard\libgcc.a(unwind-arm.o)
 .text.get_eit_entry
                0x000000000800396c       0x9c c:/users/user/appdata/roaming/code/user/globalstorage/bmd.stm32-for-vscode/@xpack-dev-tools/arm-none-eabi-gcc/10.2.1-1.1.2/.content/bin/../lib/gcc/arm-none-eabi/10.2.1/thumb/v7e-m+fp/hard\libgcc.a(unwind-arm.o)
 .text.restore_non_core_regs
                0x0000000008003a08       0x58 c:/users/user/appdata/roaming/code/user/globalstorage/bmd.stm32-for-vscode/@xpack-dev-tools/arm-none-eabi-gcc/10.2.1-1.1.2/.content/bin/../lib/gcc/arm-none-eabi/10.2.1/thumb/v7e-m+fp/hard\libgcc.a(unwind-arm.o)
 .text._Unwind_decode_typeinfo_ptr.constprop.0
                0x0000000008003a60        0xc c:/users/user/appdata/roaming/code/user/globalstorage/bmd.stm32-for-vscode/@xpack-dev-tools/arm-none-eabi-gcc/10.2.1-1.1.2/.content/bin/../lib/gcc/arm-none-eabi/10.2.1/thumb/v7e-m+fp/hard\libgcc.a(unwind-arm.o)
 .text._Unwind_DebugHook
                0x0000000008003a6c        0x4 c:/users/user/appdata/roaming/code/user/globalstorage/bmd.stm32-for-vscode/@xpack-dev-tools/arm-none-eabi-gcc/10.2.1-1.1.2/.content/bin/../lib/gcc/arm-none-eabi/10.2.1/thumb/v7e-m+fp/hard\libgcc.a(unwind-arm.o)
 .text.unwind_phase2
                0x0000000008003a70       0x3c c:/users/user/appdata/roaming/code/user/globalstorage/bmd.stm32-for-vscode/@xpack-dev-tools/arm-none-eabi-gcc/10.2.1-1.1.2/.content/bin/../lib/gcc/arm-none-eabi/10.2.1/thumb/v7e-m+fp/hard\libgcc.a(unwind-arm.o)
 .text.unwind_phase2_forced
                0x0000000008003aac       0xcc c:/users/user/appdata/roaming/code/user/globalstorage/bmd.stm32-for-vscode/@xpack-dev-tools/arm-none-eabi-gcc/10.2.1-1.1.2/.content/bin/../lib/gcc/arm-none-eabi/10.2.1/thumb/v7e-m+fp/hard\libgcc.a(unwind-arm.o)
 .text.__gnu_Unwind_RaiseException
                0x0000000008003b78       0x68 c:/users/user/appdata/roaming/code/user/globalstorage/bmd.stm32-for-vscode/@xpack-dev-tools/arm-none-eabi-gcc/10.2.1-1.1.2/.content/bin/../lib/gcc/arm-none-eabi/10.2.1/thumb/v7e-m+fp/hard\libgcc.a(unwind-arm.o)
                0x0000000008003b78                __gnu_Unwind_RaiseException
 .text.__gnu_Unwind_ForcedUnwind
                0x0000000008003be0       0x10 c:/users/user/appdata/roaming/code/user/globalstorage/bmd.stm32-for-vscode/@xpack-dev-tools/arm-none-eabi-gcc/10.2.1-1.1.2/.content/bin/../lib/gcc/arm-none-eabi/10.2.1/thumb/v7e-m+fp/hard\libgcc.a(unwind-arm.o)
                0x0000000008003be0                __gnu_Unwind_ForcedUnwind
 .text.__gnu_Unwind_Resume
                0x0000000008003bf0       0x44 c:/users/user/appdata/roaming/code/user/globalstorage/bmd.stm32-for-vscode/@xpack-dev-tools/arm-none-eabi-gcc/10.2.1-1.1.2/.content/bin/../lib/gcc/arm-none-eabi/10.2.1/thumb/v7e-m+fp/hard\libgcc.a(unwind-arm.o)
                0x0000000008003bf0                __gnu_Unwind_Resume
 .text.__gnu_Unwind_Resume_or_Rethrow
                0x0000000008003c34       0x14 c:/users/user/appdata/roaming/code/user/globalstorage/bmd.stm32-for-vscode/@xpack-dev-tools/arm-none-eabi-gcc/10.2.1-1.1.2/.content/bin/../lib/gcc/arm-none-eabi/10.2.1/thumb/v7e-m+fp/hard\libgcc.a(unwind-arm.o)
                0x0000000008003c34                __gnu_Unwind_Resume_or_Rethrow
 .text._Unwind_VRS_Get
                0x0000000008003c48       0x30 c:/users/user/appdata/roaming/code/user/globalstorage/bmd.stm32-for-vscode/@xpack-dev-tools/arm-none-eabi-gcc/10.2.1-1.1.2/.content/bin/../lib/gcc/arm-none-eabi/10.2.1/thumb/v7e-m+fp/hard\libgcc.a(unwind-arm.o)
                0x0000000008003c48                _Unwind_VRS_Get
 .text._Unwind_GetGR
                0x0000000008003c78       0x1c c:/users/user/appdata/roaming/code/user/globalstorage/bmd.stm32-for-vscode/@xpack-dev-tools/arm-none-eabi-gcc/10.2.1-1.1.2/.content/bin/../lib/gcc/arm-none-eabi/10.2.1/thumb/v7e-m+fp/hard\libgcc.a(unwind-arm.o)
 .text._Unwind_VRS_Set
                0x0000000008003c94       0x30 c:/users/user/appdata/roaming/code/user/globalstorage/bmd.stm32-for-vscode/@xpack-dev-tools/arm-none-eabi-gcc/10.2.1-1.1.2/.content/bin/../lib/gcc/arm-none-eabi/10.2.1/thumb/v7e-m+fp/hard\libgcc.a(unwind-arm.o)
                0x0000000008003c94                _Unwind_VRS_Set
 .text._Unwind_SetGR
                0x0000000008003cc4       0x18 c:/users/user/appdata/roaming/code/user/globalstorage/bmd.stm32-for-vscode/@xpack-dev-tools/arm-none-eabi-gcc/10.2.1-1.1.2/.content/bin/../lib/gcc/arm-none-eabi/10.2.1/thumb/v7e-m+fp/hard\libgcc.a(unwind-arm.o)
 .text.__gnu_Unwind_Backtrace
                0x0000000008003cdc       0x84 c:/users/user/appdata/roaming/code/user/globalstorage/bmd.stm32-for-vscode/@xpack-dev-tools/arm-none-eabi-gcc/10.2.1-1.1.2/.content/bin/../lib/gcc/arm-none-eabi/10.2.1/thumb/v7e-m+fp/hard\libgcc.a(unwind-arm.o)
                0x0000000008003cdc                __gnu_Unwind_Backtrace
 .text.__gnu_unwind_pr_common
                0x0000000008003d60      0x2a8 c:/users/user/appdata/roaming/code/user/globalstorage/bmd.stm32-for-vscode/@xpack-dev-tools/arm-none-eabi-gcc/10.2.1-1.1.2/.content/bin/../lib/gcc/arm-none-eabi/10.2.1/thumb/v7e-m+fp/hard\libgcc.a(unwind-arm.o)
 .text.__aeabi_unwind_cpp_pr0
                0x0000000008004008        0x8 c:/users/user/appdata/roaming/code/user/globalstorage/bmd.stm32-for-vscode/@xpack-dev-tools/arm-none-eabi-gcc/10.2.1-1.1.2/.content/bin/../lib/gcc/arm-none-eabi/10.2.1/thumb/v7e-m+fp/hard\libgcc.a(unwind-arm.o)
                0x0000000008004008                __aeabi_unwind_cpp_pr0
 .text.__aeabi_unwind_cpp_pr1
                0x0000000008004010        0x8 c:/users/user/appdata/roaming/code/user/globalstorage/bmd.stm32-for-vscode/@xpack-dev-tools/arm-none-eabi-gcc/10.2.1-1.1.2/.content/bin/../lib/gcc/arm-none-eabi/10.2.1/thumb/v7e-m+fp/hard\libgcc.a(unwind-arm.o)
                0x0000000008004010                __aeabi_unwind_cpp_pr1
 .text.__aeabi_unwind_cpp_pr2
                0x0000000008004018        0x8 c:/users/user/appdata/roaming/code/user/globalstorage/bmd.stm32-for-vscode/@xpack-dev-tools/arm-none-eabi-gcc/10.2.1-1.1.2/.content/bin/../lib/gcc/arm-none-eabi/10.2.1/thumb/v7e-m+fp/hard\libgcc.a(unwind-arm.o)
                0x0000000008004018                __aeabi_unwind_cpp_pr2
 .text._Unwind_VRS_Pop
                0x0000000008004020      0x284 c:/users/user/appdata/roaming/code/user/globalstorage/bmd.stm32-for-vscode/@xpack-dev-tools/arm-none-eabi-gcc/10.2.1-1.1.2/.content/bin/../lib/gcc/arm-none-eabi/10.2.1/thumb/v7e-m+fp/hard\libgcc.a(unwind-arm.o)
                0x0000000008004020                _Unwind_VRS_Pop
 .text.next_unwind_byte
                0x00000000080042a4       0x38 c:/users/user/appdata/roaming/code/user/globalstorage/bmd.stm32-for-vscode/@xpack-dev-tools/arm-none-eabi-gcc/10.2.1-1.1.2/.content/bin/../lib/gcc/arm-none-eabi/10.2.1/thumb/v7e-m+fp/hard\libgcc.a(pr-support.o)
 .text.__gnu_unwind_execute
                0x00000000080042dc      0x2ac c:/users/user/appdata/roaming/code/user/globalstorage/bmd.stm32-for-vscode/@xpack-dev-tools/arm-none-eabi-gcc/10.2.1-1.1.2/.content/bin/../lib/gcc/arm-none-eabi/10.2.1/thumb/v7e-m+fp/hard\libgcc.a(pr-support.o)
                0x00000000080042dc                __gnu_unwind_execute
 .text.abort    0x0000000008004588       0x10 c:/users/user/appdata/roaming/code/user/globalstorage/bmd.stm32-for-vscode/@xpack-dev-tools/arm-none-eabi-gcc/10.2.1-1.1.2/.content/bin/../lib/gcc/arm-none-eabi/10.2.1/../../../../arm-none-eabi/lib/thumb/v7e-m+fp/hard\libc.a(lib_a-abort.o)
                0x0000000008004588                abort
 .text.raise    0x0000000008004598       0x5c c:/users/user/appdata/roaming/code/user/globalstorage/bmd.stm32-for-vscode/@xpack-dev-tools/arm-none-eabi-gcc/10.2.1-1.1.2/.content/bin/../lib/gcc/arm-none-eabi/10.2.1/../../../../arm-none-eabi/lib/thumb/v7e-m+fp/hard\libc.a(lib_a-signal.o)
                0x0000000008004598                raise
 .text._kill_r  0x00000000080045f4       0x2c c:/users/user/appdata/roaming/code/user/globalstorage/bmd.stm32-for-vscode/@xpack-dev-tools/arm-none-eabi-gcc/10.2.1-1.1.2/.content/bin/../lib/gcc/arm-none-eabi/10.2.1/../../../../arm-none-eabi/lib/thumb/v7e-m+fp/hard\libc.a(lib_a-signalr.o)
                0x00000000080045f4                _kill_r
 .text._getpid_r
                0x0000000008004620        0x4 c:/users/user/appdata/roaming/code/user/globalstorage/bmd.stm32-for-vscode/@xpack-dev-tools/arm-none-eabi-gcc/10.2.1-1.1.2/.content/bin/../lib/gcc/arm-none-eabi/10.2.1/../../../../arm-none-eabi/lib/thumb/v7e-m+fp/hard\libc.a(lib_a-signalr.o)
                0x0000000008004620                _getpid_r
 .text._getpid  0x0000000008004624       0x10 c:/users/user/appdata/roaming/code/user/globalstorage/bmd.stm32-for-vscode/@xpack-dev-tools/arm-none-eabi-gcc/10.2.1-1.1.2/.content/bin/../lib/gcc/arm-none-eabi/10.2.1/../../../../arm-none-eabi/lib/thumb/v7e-m+fp/hard\libnosys.a(getpid.o)
                0x0000000008004624                _getpid
 .text._kill    0x0000000008004634       0x10 c:/users/user/appdata/roaming/code/user/globalstorage/bmd.stm32-for-vscode/@xpack-dev-tools/arm-none-eabi-gcc/10.2.1-1.1.2/.content/bin/../lib/gcc/arm-none-eabi/10.2.1/../../../../arm-none-eabi/lib/thumb/v7e-m+fp/hard\libnosys.a(kill.o)
                0x0000000008004634                _kill
 *(.glue_7)
 .glue_7        0x0000000008004644        0x0 linker stubs
 *(.glue_7t)
 .glue_7t       0x0000000008004644        0x0 linker stubs
 *(.eh_frame)
 .eh_frame      0x0000000008004644        0x0 c:/users/user/appdata/roaming/code/user/globalstorage/bmd.stm32-for-vscode/@xpack-dev-tools/arm-none-eabi-gcc/10.2.1-1.1.2/.content/bin/../lib/gcc/arm-none-eabi/10.2.1/thumb/v7e-m+fp/hard/crtbegin.o
 *(.init)
 .init          0x0000000008004644        0x4 c:/users/user/appdata/roaming/code/user/globalstorage/bmd.stm32-for-vscode/@xpack-dev-tools/arm-none-eabi-gcc/10.2.1-1.1.2/.content/bin/../lib/gcc/arm-none-eabi/10.2.1/thumb/v7e-m+fp/hard/crti.o
                0x0000000008004644                _init
 .init          0x0000000008004648        0x8 c:/users/user/appdata/roaming/code/user/globalstorage/bmd.stm32-for-vscode/@xpack-dev-tools/arm-none-eabi-gcc/10.2.1-1.1.2/.content/bin/../lib/gcc/arm-none-eabi/10.2.1/thumb/v7e-m+fp/hard/crtn.o
 *(.fini)
 .fini          0x0000000008004650        0x4 c:/users/user/appdata/roaming/code/user/globalstorage/bmd.stm32-for-vscode/@xpack-dev-tools/arm-none-eabi-gcc/10.2.1-1.1.2/.content/bin/../lib/gcc/arm-none-eabi/10.2.1/thumb/v7e-m+fp/hard/crti.o
                0x0000000008004650                _fini
 .fini          0x0000000008004654        0x8 c:/users/user/appdata/roaming/code/user/globalstorage/bmd.stm32-for-vscode/@xpack-dev-tools/arm-none-eabi-gcc/10.2.1-1.1.2/.content/bin/../lib/gcc/arm-none-eabi/10.2.1/thumb/v7e-m+fp/hard/crtn.o
                0x000000000800465c                . = ALIGN (0x4)
                0x000000000800465c                _etext = .

.vfp11_veneer   0x000000000800465c        0x0
 .vfp11_veneer  0x000000000800465c        0x0 linker stubs

.v4_bx          0x000000000800465c        0x0
 .v4_bx         0x000000000800465c        0x0 linker stubs

.iplt           0x000000000800465c        0x0
 .iplt          0x000000000800465c        0x0 c:/users/user/appdata/roaming/code/user/globalstorage/bmd.stm32-for-vscode/@xpack-dev-tools/arm-none-eabi-gcc/10.2.1-1.1.2/.content/bin/../lib/gcc/arm-none-eabi/10.2.1/thumb/v7e-m+fp/hard/crtbegin.o

.rodata         0x000000000800465c      0x438
                0x000000000800465c                . = ALIGN (0x4)
 *(.rodata)
 *(.rodata*)
 .rodata.Kst    0x000000000800465c      0x1e4 build/FindX.o
                0x000000000800465c                Kst
 .rodata.k      0x0000000008004840       0x36 build/stat.o
 *fill*         0x0000000008004876        0x2 
 .rodata.wCRCTable.0
                0x0000000008004878      0x200 build/NOS_ModBus.o
 .rodata.AHBPrescTable
                0x0000000008004a78       0x10 build/system_stm32f4xx.o
                0x0000000008004a78                AHBPrescTable
 .rodata.APBPrescTable
                0x0000000008004a88        0x8 build/system_stm32f4xx.o
                0x0000000008004a88                APBPrescTable
 .rodata._global_impure_ptr
                0x0000000008004a90        0x4 c:/users/user/appdata/roaming/code/user/globalstorage/bmd.stm32-for-vscode/@xpack-dev-tools/arm-none-eabi-gcc/10.2.1-1.1.2/.content/bin/../lib/gcc/arm-none-eabi/10.2.1/../../../../arm-none-eabi/lib/thumb/v7e-m+fp/hard\libc.a(lib_a-impure.o)
                0x0000000008004a90                _global_impure_ptr
                0x0000000008004a94                . = ALIGN (0x4)

.ARM.extab      0x0000000008004a94        0xc
 *(.ARM.extab* .gnu.linkonce.armextab.*)
 .ARM.extab.text.abort
                0x0000000008004a94        0xc c:/users/user/appdata/roaming/code/user/globalstorage/bmd.stm32-for-vscode/@xpack-dev-tools/arm-none-eabi-gcc/10.2.1-1.1.2/.content/bin/../lib/gcc/arm-none-eabi/10.2.1/../../../../arm-none-eabi/lib/thumb/v7e-m+fp/hard\libc.a(lib_a-abort.o)

.ARM            0x0000000008004aa0       0xc8
                0x0000000008004aa0                __exidx_start = .
 *(.ARM.exidx*)
 .ARM.exidx.text.__libc_init_array
                0x0000000008004aa0        0x8 c:/users/user/appdata/roaming/code/user/globalstorage/bmd.stm32-for-vscode/@xpack-dev-tools/arm-none-eabi-gcc/10.2.1-1.1.2/.content/bin/../lib/gcc/arm-none-eabi/10.2.1/../../../../arm-none-eabi/lib/thumb/v7e-m+fp/hard\libc.a(lib_a-init.o)
 .ARM.exidx.text.memmove
                0x0000000008004aa8        0x8 c:/users/user/appdata/roaming/code/user/globalstorage/bmd.stm32-for-vscode/@xpack-dev-tools/arm-none-eabi-gcc/10.2.1-1.1.2/.content/bin/../lib/gcc/arm-none-eabi/10.2.1/../../../../arm-none-eabi/lib/thumb/v7e-m+fp/hard\libc.a(lib_a-memmove.o)
 .ARM.exidx.text.memset
                0x0000000008004ab0        0x0 c:/users/user/appdata/roaming/code/user/globalstorage/bmd.stm32-for-vscode/@xpack-dev-tools/arm-none-eabi-gcc/10.2.1-1.1.2/.content/bin/../lib/gcc/arm-none-eabi/10.2.1/../../../../arm-none-eabi/lib/thumb/v7e-m+fp/hard\libc.a(lib_a-memset.o)
                                          0x8 (size before relaxing)
 .ARM.exidx.text.startup.register_fini
                0x0000000008004ab0        0x0 c:/users/user/appdata/roaming/code/user/globalstorage/bmd.stm32-for-vscode/@xpack-dev-tools/arm-none-eabi-gcc/10.2.1-1.1.2/.content/bin/../lib/gcc/arm-none-eabi/10.2.1/../../../../arm-none-eabi/lib/thumb/v7e-m+fp/hard\libc.a(lib_a-__call_atexit.o)
                                          0x8 (size before relaxing)
 .ARM.exidx.text.__libc_fini_array
                0x0000000008004ab0        0x8 c:/users/user/appdata/roaming/code/user/globalstorage/bmd.stm32-for-vscode/@xpack-dev-tools/arm-none-eabi-gcc/10.2.1-1.1.2/.content/bin/../lib/gcc/arm-none-eabi/10.2.1/../../../../arm-none-eabi/lib/thumb/v7e-m+fp/hard\libc.a(lib_a-fini.o)
 .ARM.exidx.text.__retarget_lock_acquire_recursive
                0x0000000008004ab8        0x8 c:/users/user/appdata/roaming/code/user/globalstorage/bmd.stm32-for-vscode/@xpack-dev-tools/arm-none-eabi-gcc/10.2.1-1.1.2/.content/bin/../lib/gcc/arm-none-eabi/10.2.1/../../../../arm-none-eabi/lib/thumb/v7e-m+fp/hard\libc.a(lib_a-lock.o)
 .ARM.exidx.text.__retarget_lock_release_recursive
                0x0000000008004ac0        0x0 c:/users/user/appdata/roaming/code/user/globalstorage/bmd.stm32-for-vscode/@xpack-dev-tools/arm-none-eabi-gcc/10.2.1-1.1.2/.content/bin/../lib/gcc/arm-none-eabi/10.2.1/../../../../arm-none-eabi/lib/thumb/v7e-m+fp/hard\libc.a(lib_a-lock.o)
                                          0x8 (size before relaxing)
 .ARM.exidx.text.atexit
                0x0000000008004ac0        0x0 c:/users/user/appdata/roaming/code/user/globalstorage/bmd.stm32-for-vscode/@xpack-dev-tools/arm-none-eabi-gcc/10.2.1-1.1.2/.content/bin/../lib/gcc/arm-none-eabi/10.2.1/../../../../arm-none-eabi/lib/thumb/v7e-m+fp/hard\libc.a(lib_a-atexit.o)
                                          0x8 (size before relaxing)
 .ARM.exidx.text.__register_exitproc
                0x0000000008004ac0        0x8 c:/users/user/appdata/roaming/code/user/globalstorage/bmd.stm32-for-vscode/@xpack-dev-tools/arm-none-eabi-gcc/10.2.1-1.1.2/.content/bin/../lib/gcc/arm-none-eabi/10.2.1/../../../../arm-none-eabi/lib/thumb/v7e-m+fp/hard\libc.a(lib_a-__atexit.o)
 .ARM.exidx.text._exit
                0x0000000008004ac8        0x8 c:/users/user/appdata/roaming/code/user/globalstorage/bmd.stm32-for-vscode/@xpack-dev-tools/arm-none-eabi-gcc/10.2.1-1.1.2/.content/bin/../lib/gcc/arm-none-eabi/10.2.1/../../../../arm-none-eabi/lib/thumb/v7e-m+fp/hard\libnosys.a(_exit.o)
 .ARM.exidx.text.__udivmoddi4
                0x0000000008004ad0        0x0 c:/users/user/appdata/roaming/code/user/globalstorage/bmd.stm32-for-vscode/@xpack-dev-tools/arm-none-eabi-gcc/10.2.1-1.1.2/.content/bin/../lib/gcc/arm-none-eabi/10.2.1/thumb/v7e-m+fp/hard\libgcc.a(_udivmoddi4.o)
                                          0x8 (size before relaxing)
 .ARM.exidx.text.selfrel_offset31
                0x0000000008004ad0        0x0 c:/users/user/appdata/roaming/code/user/globalstorage/bmd.stm32-for-vscode/@xpack-dev-tools/arm-none-eabi-gcc/10.2.1-1.1.2/.content/bin/../lib/gcc/arm-none-eabi/10.2.1/thumb/v7e-m+fp/hard\libgcc.a(unwind-arm.o)
                                          0x8 (size before relaxing)
 .ARM.exidx.text.search_EIT_table
                0x0000000008004ad0        0x0 c:/users/user/appdata/roaming/code/user/globalstorage/bmd.stm32-for-vscode/@xpack-dev-tools/arm-none-eabi-gcc/10.2.1-1.1.2/.content/bin/../lib/gcc/arm-none-eabi/10.2.1/thumb/v7e-m+fp/hard\libgcc.a(unwind-arm.o)
                                          0x8 (size before relaxing)
 .ARM.exidx.text.__gnu_unwind_get_pr_addr
                0x0000000008004ad0        0x0 c:/users/user/appdata/roaming/code/user/globalstorage/bmd.stm32-for-vscode/@xpack-dev-tools/arm-none-eabi-gcc/10.2.1-1.1.2/.content/bin/../lib/gcc/arm-none-eabi/10.2.1/thumb/v7e-m+fp/hard\libgcc.a(unwind-arm.o)
                                          0x8 (size before relaxing)
 .ARM.exidx.text.get_eit_entry
                0x0000000008004ad0        0x8 c:/users/user/appdata/roaming/code/user/globalstorage/bmd.stm32-for-vscode/@xpack-dev-tools/arm-none-eabi-gcc/10.2.1-1.1.2/.content/bin/../lib/gcc/arm-none-eabi/10.2.1/thumb/v7e-m+fp/hard\libgcc.a(unwind-arm.o)
 .ARM.exidx.text.restore_non_core_regs
                0x0000000008004ad8        0x8 c:/users/user/appdata/roaming/code/user/globalstorage/bmd.stm32-for-vscode/@xpack-dev-tools/arm-none-eabi-gcc/10.2.1-1.1.2/.content/bin/../lib/gcc/arm-none-eabi/10.2.1/thumb/v7e-m+fp/hard\libgcc.a(unwind-arm.o)
 .ARM.exidx.text._Unwind_decode_typeinfo_ptr.constprop.0
                0x0000000008004ae0        0x8 c:/users/user/appdata/roaming/code/user/globalstorage/bmd.stm32-for-vscode/@xpack-dev-tools/arm-none-eabi-gcc/10.2.1-1.1.2/.content/bin/../lib/gcc/arm-none-eabi/10.2.1/thumb/v7e-m+fp/hard\libgcc.a(unwind-arm.o)
 .ARM.exidx.text._Unwind_DebugHook
                0x0000000008004ae8        0x0 c:/users/user/appdata/roaming/code/user/globalstorage/bmd.stm32-for-vscode/@xpack-dev-tools/arm-none-eabi-gcc/10.2.1-1.1.2/.content/bin/../lib/gcc/arm-none-eabi/10.2.1/thumb/v7e-m+fp/hard\libgcc.a(unwind-arm.o)
                                          0x8 (size before relaxing)
 .ARM.exidx.text.unwind_phase2
                0x0000000008004ae8        0x8 c:/users/user/appdata/roaming/code/user/globalstorage/bmd.stm32-for-vscode/@xpack-dev-tools/arm-none-eabi-gcc/10.2.1-1.1.2/.content/bin/../lib/gcc/arm-none-eabi/10.2.1/thumb/v7e-m+fp/hard\libgcc.a(unwind-arm.o)
 .ARM.exidx.text.unwind_phase2_forced
                0x0000000008004af0        0x8 c:/users/user/appdata/roaming/code/user/globalstorage/bmd.stm32-for-vscode/@xpack-dev-tools/arm-none-eabi-gcc/10.2.1-1.1.2/.content/bin/../lib/gcc/arm-none-eabi/10.2.1/thumb/v7e-m+fp/hard\libgcc.a(unwind-arm.o)
 .ARM.exidx.text.__gnu_Unwind_RaiseException
                0x0000000008004af8        0x8 c:/users/user/appdata/roaming/code/user/globalstorage/bmd.stm32-for-vscode/@xpack-dev-tools/arm-none-eabi-gcc/10.2.1-1.1.2/.content/bin/../lib/gcc/arm-none-eabi/10.2.1/thumb/v7e-m+fp/hard\libgcc.a(unwind-arm.o)
 .ARM.exidx.text.__gnu_Unwind_ForcedUnwind
                0x0000000008004b00        0x8 c:/users/user/appdata/roaming/code/user/globalstorage/bmd.stm32-for-vscode/@xpack-dev-tools/arm-none-eabi-gcc/10.2.1-1.1.2/.content/bin/../lib/gcc/arm-none-eabi/10.2.1/thumb/v7e-m+fp/hard\libgcc.a(unwind-arm.o)
 .ARM.exidx.text.__gnu_Unwind_Resume
                0x0000000008004b08        0x8 c:/users/user/appdata/roaming/code/user/globalstorage/bmd.stm32-for-vscode/@xpack-dev-tools/arm-none-eabi-gcc/10.2.1-1.1.2/.content/bin/../lib/gcc/arm-none-eabi/10.2.1/thumb/v7e-m+fp/hard\libgcc.a(unwind-arm.o)
 .ARM.exidx.text.__gnu_Unwind_Resume_or_Rethrow
                0x0000000008004b10        0x8 c:/users/user/appdata/roaming/code/user/globalstorage/bmd.stm32-for-vscode/@xpack-dev-tools/arm-none-eabi-gcc/10.2.1-1.1.2/.content/bin/../lib/gcc/arm-none-eabi/10.2.1/thumb/v7e-m+fp/hard\libgcc.a(unwind-arm.o)
 .ARM.exidx.text._Unwind_VRS_Get
                0x0000000008004b18        0x0 c:/users/user/appdata/roaming/code/user/globalstorage/bmd.stm32-for-vscode/@xpack-dev-tools/arm-none-eabi-gcc/10.2.1-1.1.2/.content/bin/../lib/gcc/arm-none-eabi/10.2.1/thumb/v7e-m+fp/hard\libgcc.a(unwind-arm.o)
                                          0x8 (size before relaxing)
 .ARM.exidx.text._Unwind_GetGR
                0x0000000008004b18        0x0 c:/users/user/appdata/roaming/code/user/globalstorage/bmd.stm32-for-vscode/@xpack-dev-tools/arm-none-eabi-gcc/10.2.1-1.1.2/.content/bin/../lib/gcc/arm-none-eabi/10.2.1/thumb/v7e-m+fp/hard\libgcc.a(unwind-arm.o)
                                          0x8 (size before relaxing)
 .ARM.exidx.text._Unwind_VRS_Set
                0x0000000008004b18        0x0 c:/users/user/appdata/roaming/code/user/globalstorage/bmd.stm32-for-vscode/@xpack-dev-tools/arm-none-eabi-gcc/10.2.1-1.1.2/.content/bin/../lib/gcc/arm-none-eabi/10.2.1/thumb/v7e-m+fp/hard\libgcc.a(unwind-arm.o)
                                          0x8 (size before relaxing)
 .ARM.exidx.text._Unwind_SetGR
                0x0000000008004b18        0x0 c:/users/user/appdata/roaming/code/user/globalstorage/bmd.stm32-for-vscode/@xpack-dev-tools/arm-none-eabi-gcc/10.2.1-1.1.2/.content/bin/../lib/gcc/arm-none-eabi/10.2.1/thumb/v7e-m+fp/hard\libgcc.a(unwind-arm.o)
                                          0x8 (size before relaxing)
 .ARM.exidx.text.__gnu_Unwind_Backtrace
                0x0000000008004b18        0x8 c:/users/user/appdata/roaming/code/user/globalstorage/bmd.stm32-for-vscode/@xpack-dev-tools/arm-none-eabi-gcc/10.2.1-1.1.2/.content/bin/../lib/gcc/arm-none-eabi/10.2.1/thumb/v7e-m+fp/hard\libgcc.a(unwind-arm.o)
 .ARM.exidx.text.__gnu_unwind_pr_common
                0x0000000008004b20        0x8 c:/users/user/appdata/roaming/code/user/globalstorage/bmd.stm32-for-vscode/@xpack-dev-tools/arm-none-eabi-gcc/10.2.1-1.1.2/.content/bin/../lib/gcc/arm-none-eabi/10.2.1/thumb/v7e-m+fp/hard\libgcc.a(unwind-arm.o)
 .ARM.exidx.text.__aeabi_unwind_cpp_pr0
                0x0000000008004b28        0x8 c:/users/user/appdata/roaming/code/user/globalstorage/bmd.stm32-for-vscode/@xpack-dev-tools/arm-none-eabi-gcc/10.2.1-1.1.2/.content/bin/../lib/gcc/arm-none-eabi/10.2.1/thumb/v7e-m+fp/hard\libgcc.a(unwind-arm.o)
 .ARM.exidx.text.__aeabi_unwind_cpp_pr1
                0x0000000008004b30        0x0 c:/users/user/appdata/roaming/code/user/globalstorage/bmd.stm32-for-vscode/@xpack-dev-tools/arm-none-eabi-gcc/10.2.1-1.1.2/.content/bin/../lib/gcc/arm-none-eabi/10.2.1/thumb/v7e-m+fp/hard\libgcc.a(unwind-arm.o)
                                          0x8 (size before relaxing)
 .ARM.exidx.text.__aeabi_unwind_cpp_pr2
                0x0000000008004b30        0x0 c:/users/user/appdata/roaming/code/user/globalstorage/bmd.stm32-for-vscode/@xpack-dev-tools/arm-none-eabi-gcc/10.2.1-1.1.2/.content/bin/../lib/gcc/arm-none-eabi/10.2.1/thumb/v7e-m+fp/hard\libgcc.a(unwind-arm.o)
                                          0x8 (size before relaxing)
 .ARM.exidx.text._Unwind_VRS_Pop
                0x0000000008004b30        0x8 c:/users/user/appdata/roaming/code/user/globalstorage/bmd.stm32-for-vscode/@xpack-dev-tools/arm-none-eabi-gcc/10.2.1-1.1.2/.content/bin/../lib/gcc/arm-none-eabi/10.2.1/thumb/v7e-m+fp/hard\libgcc.a(unwind-arm.o)
 .ARM.exidx.text.next_unwind_byte
                0x0000000008004b38        0x8 c:/users/user/appdata/roaming/code/user/globalstorage/bmd.stm32-for-vscode/@xpack-dev-tools/arm-none-eabi-gcc/10.2.1-1.1.2/.content/bin/../lib/gcc/arm-none-eabi/10.2.1/thumb/v7e-m+fp/hard\libgcc.a(pr-support.o)
 .ARM.exidx.text.__gnu_unwind_execute
                0x0000000008004b40        0x8 c:/users/user/appdata/roaming/code/user/globalstorage/bmd.stm32-for-vscode/@xpack-dev-tools/arm-none-eabi-gcc/10.2.1-1.1.2/.content/bin/../lib/gcc/arm-none-eabi/10.2.1/thumb/v7e-m+fp/hard\libgcc.a(pr-support.o)
 .ARM.exidx.text.abort
                0x0000000008004b48        0x8 c:/users/user/appdata/roaming/code/user/globalstorage/bmd.stm32-for-vscode/@xpack-dev-tools/arm-none-eabi-gcc/10.2.1-1.1.2/.content/bin/../lib/gcc/arm-none-eabi/10.2.1/../../../../arm-none-eabi/lib/thumb/v7e-m+fp/hard\libc.a(lib_a-abort.o)
 .ARM.exidx.text.raise
                0x0000000008004b50        0x8 c:/users/user/appdata/roaming/code/user/globalstorage/bmd.stm32-for-vscode/@xpack-dev-tools/arm-none-eabi-gcc/10.2.1-1.1.2/.content/bin/../lib/gcc/arm-none-eabi/10.2.1/../../../../arm-none-eabi/lib/thumb/v7e-m+fp/hard\libc.a(lib_a-signal.o)
 .ARM.exidx.text._kill_r
                0x0000000008004b58        0x8 c:/users/user/appdata/roaming/code/user/globalstorage/bmd.stm32-for-vscode/@xpack-dev-tools/arm-none-eabi-gcc/10.2.1-1.1.2/.content/bin/../lib/gcc/arm-none-eabi/10.2.1/../../../../arm-none-eabi/lib/thumb/v7e-m+fp/hard\libc.a(lib_a-signalr.o)
 .ARM.exidx.text._getpid_r
                0x0000000008004b60        0x8 c:/users/user/appdata/roaming/code/user/globalstorage/bmd.stm32-for-vscode/@xpack-dev-tools/arm-none-eabi-gcc/10.2.1-1.1.2/.content/bin/../lib/gcc/arm-none-eabi/10.2.1/../../../../arm-none-eabi/lib/thumb/v7e-m+fp/hard\libc.a(lib_a-signalr.o)
 .ARM.exidx.text._getpid
                0x0000000008004b68        0x0 c:/users/user/appdata/roaming/code/user/globalstorage/bmd.stm32-for-vscode/@xpack-dev-tools/arm-none-eabi-gcc/10.2.1-1.1.2/.content/bin/../lib/gcc/arm-none-eabi/10.2.1/../../../../arm-none-eabi/lib/thumb/v7e-m+fp/hard\libnosys.a(getpid.o)
                                          0x8 (size before relaxing)
 .ARM.exidx.text._kill
                0x0000000008004b68        0x0 c:/users/user/appdata/roaming/code/user/globalstorage/bmd.stm32-for-vscode/@xpack-dev-tools/arm-none-eabi-gcc/10.2.1-1.1.2/.content/bin/../lib/gcc/arm-none-eabi/10.2.1/../../../../arm-none-eabi/lib/thumb/v7e-m+fp/hard\libnosys.a(kill.o)
                                          0x8 (size before relaxing)
                0x0000000008004b68                __exidx_end = .

.rel.dyn        0x0000000008004b68        0x0
 .rel.iplt      0x0000000008004b68        0x0 c:/users/user/appdata/roaming/code/user/globalstorage/bmd.stm32-for-vscode/@xpack-dev-tools/arm-none-eabi-gcc/10.2.1-1.1.2/.content/bin/../lib/gcc/arm-none-eabi/10.2.1/thumb/v7e-m+fp/hard/crtbegin.o

.preinit_array  0x0000000008004b68        0x0
                0x0000000008004b68                PROVIDE (__preinit_array_start = .)
 *(.preinit_array*)
                0x0000000008004b68                PROVIDE (__preinit_array_end = .)

.init_array     0x0000000008004b68        0x8
                0x0000000008004b68                PROVIDE (__init_array_start = .)
 *(SORT_BY_NAME(.init_array.*))
 .init_array.00000
                0x0000000008004b68        0x4 c:/users/user/appdata/roaming/code/user/globalstorage/bmd.stm32-for-vscode/@xpack-dev-tools/arm-none-eabi-gcc/10.2.1-1.1.2/.content/bin/../lib/gcc/arm-none-eabi/10.2.1/../../../../arm-none-eabi/lib/thumb/v7e-m+fp/hard\libc.a(lib_a-__call_atexit.o)
 *(.init_array*)
 .init_array    0x0000000008004b6c        0x4 c:/users/user/appdata/roaming/code/user/globalstorage/bmd.stm32-for-vscode/@xpack-dev-tools/arm-none-eabi-gcc/10.2.1-1.1.2/.content/bin/../lib/gcc/arm-none-eabi/10.2.1/thumb/v7e-m+fp/hard/crtbegin.o
                0x0000000008004b70                PROVIDE (__init_array_end = .)

.fini_array     0x0000000008004b70        0x4
                0x0000000008004b70                PROVIDE (__fini_array_start = .)
 *(SORT_BY_NAME(.fini_array.*))
 *(.fini_array*)
 .fini_array    0x0000000008004b70        0x4 c:/users/user/appdata/roaming/code/user/globalstorage/bmd.stm32-for-vscode/@xpack-dev-tools/arm-none-eabi-gcc/10.2.1-1.1.2/.content/bin/../lib/gcc/arm-none-eabi/10.2.1/thumb/v7e-m+fp/hard/crtbegin.o
                0x0000000008004b74                PROVIDE (__fini_array_end = .)
                0x0000000008004b74                _sidata = LOADADDR (.data)

.data           0x0000000020000000      0x44c load address 0x0000000008004b74
                0x0000000020000000                . = ALIGN (0x4)
                0x0000000020000000                _sdata = .
 *(.data)
 *(.data*)
 .data.Detector_Kg
                0x0000000020000000        0x4 build/Detector.o
 .data.stat_end
                0x0000000020000004        0x4 build/stat.o
 .data.rx_buff_ptr.0
                0x0000000020000008        0x4 build/main.o
 .data.SystemCoreClock
                0x000000002000000c        0x4 build/system_stm32f4xx.o
                0x000000002000000c                SystemCoreClock
 .data.uwTickFreq
                0x0000000020000010        0x1 build/stm32f4xx_hal.o
                0x0000000020000010                uwTickFreq
 *fill*         0x0000000020000011        0x3 
 .data.uwTickPrio
                0x0000000020000014        0x4 build/stm32f4xx_hal.o
                0x0000000020000014                uwTickPrio
 .data._impure_ptr
                0x0000000020000018        0x4 c:/users/user/appdata/roaming/code/user/globalstorage/bmd.stm32-for-vscode/@xpack-dev-tools/arm-none-eabi-gcc/10.2.1-1.1.2/.content/bin/../lib/gcc/arm-none-eabi/10.2.1/../../../../arm-none-eabi/lib/thumb/v7e-m+fp/hard\libc.a(lib_a-impure.o)
                0x0000000020000018                _impure_ptr
 *fill*         0x000000002000001c        0x4 
 .data.impure_data
                0x0000000020000020      0x428 c:/users/user/appdata/roaming/code/user/globalstorage/bmd.stm32-for-vscode/@xpack-dev-tools/arm-none-eabi-gcc/10.2.1-1.1.2/.content/bin/../lib/gcc/arm-none-eabi/10.2.1/../../../../arm-none-eabi/lib/thumb/v7e-m+fp/hard\libc.a(lib_a-impure.o)
 .data.__atexit_recursive_mutex
                0x0000000020000448        0x4 c:/users/user/appdata/roaming/code/user/globalstorage/bmd.stm32-for-vscode/@xpack-dev-tools/arm-none-eabi-gcc/10.2.1-1.1.2/.content/bin/../lib/gcc/arm-none-eabi/10.2.1/../../../../arm-none-eabi/lib/thumb/v7e-m+fp/hard\libc.a(lib_a-__call_atexit.o)
                0x0000000020000448                __atexit_recursive_mutex
                0x000000002000044c                . = ALIGN (0x4)
                0x000000002000044c                _edata = .
                0x0000000008004fc0                _siccmram = LOADADDR (.ccmram)

.igot.plt       0x000000002000044c        0x0 load address 0x0000000008004fc0
 .igot.plt      0x000000002000044c        0x0 c:/users/user/appdata/roaming/code/user/globalstorage/bmd.stm32-for-vscode/@xpack-dev-tools/arm-none-eabi-gcc/10.2.1-1.1.2/.content/bin/../lib/gcc/arm-none-eabi/10.2.1/thumb/v7e-m+fp/hard/crtbegin.o

.ccmram         0x0000000010000000        0x0 load address 0x0000000008004fc0
                0x0000000010000000                . = ALIGN (0x4)
                0x0000000010000000                _sccmram = .
 *(.ccmram)
 *(.ccmram*)
                0x0000000010000000                . = ALIGN (0x4)
                0x0000000010000000                _eccmram = .
                0x0000000010000000                . = ALIGN (0x4)

.bss            0x0000000020000450      0x93c
                0x0000000020000450                _sbss = .
                0x0000000020000450                __bss_start__ = _sbss
 *(.bss)
 *(.bss*)
 .bss.completed.1
                0x0000000020000450        0x1 c:/users/user/appdata/roaming/code/user/globalstorage/bmd.stm32-for-vscode/@xpack-dev-tools/arm-none-eabi-gcc/10.2.1-1.1.2/.content/bin/../lib/gcc/arm-none-eabi/10.2.1/thumb/v7e-m+fp/hard/crtbegin.o
 *fill*         0x0000000020000451        0x3 
 .bss.object.0  0x0000000020000454       0x18 c:/users/user/appdata/roaming/code/user/globalstorage/bmd.stm32-for-vscode/@xpack-dev-tools/arm-none-eabi-gcc/10.2.1-1.1.2/.content/bin/../lib/gcc/arm-none-eabi/10.2.1/thumb/v7e-m+fp/hard/crtbegin.o
 .bss.Detector_Bg
                0x000000002000046c        0x4 build/Detector.o
 .bss.FW5Data   0x0000000020000470       0x9c build/FindX.o
                0x0000000020000470                FW5Data
 .bss.Find_Sigma
                0x000000002000050c        0x4 build/FindX.o
 .bss.K.3       0x0000000020000510        0x4 build/FindX.o
 .bss.Kmax.2    0x0000000020000514        0x4 build/FindX.o
 .bss.Porog_cpsi.0
                0x0000000020000518        0x4 build/FindX.o
 .bss.SDTi.4    0x000000002000051c        0x2 build/FindX.o
 *fill*         0x000000002000051e        0x2 
 .bss.Sours_cpsi.1
                0x0000000020000520        0x4 build/FindX.o
 .bss.TFW5_Tcall
                0x0000000020000524        0x2 build/FindX.o
 .bss._out      0x0000000020000526        0x2 build/FindX.o
                0x0000000020000526                _out
 .bss.i.5       0x0000000020000528        0x2 build/FindX.o
 *fill*         0x000000002000052a        0x2 
 .bss.CPS       0x000000002000052c        0x4 build/StatPM.o
 .bss.Delta     0x0000000020000530        0x1 build/StatPM.o
 *fill*         0x0000000020000531        0x1 
 .bss.FindChange
                0x0000000020000532        0x2 build/StatPM.o
                0x0000000020000532                FindChange
 *fill*         0x0000000020000534        0x4 
 .bss.CPS.1     0x0000000020000538        0x8 build/stat.o
 .bss.Delta.0   0x0000000020000540        0x1 build/stat.o
 *fill*         0x0000000020000541        0x7 
 .bss.Time.2    0x0000000020000548        0x8 build/stat.o
 .bss.reject_1_second
                0x0000000020000550        0x1 build/stat.o
 *fill*         0x0000000020000551        0x3 
 .bss.stat_elem_n
                0x0000000020000554        0x9 build/stat.o
 *fill*         0x000000002000055d        0x3 
 .bss.statistic
                0x0000000020000560      0x280 build/stat.o
 .bss.tau       0x00000000200007e0        0x4 build/stat.o
 .bss.tau_1x    0x00000000200007e4        0x4 build/stat.o
 .bss.AddressOk
                0x00000000200007e8        0x1 build/main.o
                0x00000000200007e8                AddressOk
 .bss.counter   0x00000000200007e9        0x1 build/main.o
                0x00000000200007e9                counter
 .bss.currCommand
                0x00000000200007ea        0x1 build/main.o
                0x00000000200007ea                currCommand
 *fill*         0x00000000200007eb        0x1 
 .bss.fuckIndex
                0x00000000200007ec        0x2 build/main.o
                0x00000000200007ec                fuckIndex
 *fill*         0x00000000200007ee        0x2 
 .bss.fuck_buff
                0x00000000200007f0      0x400 build/main.o
                0x00000000200007f0                fuck_buff
 .bss.huart2    0x0000000020000bf0       0x44 build/main.o
                0x0000000020000bf0                huart2
 .bss.lenght    0x0000000020000c34        0x1 build/main.o
                0x0000000020000c34                lenght
 *fill*         0x0000000020000c35        0x3 
 .bss.master    0x0000000020000c38       0x10 build/main.o
                0x0000000020000c38                master
 .bss.rx_buff   0x0000000020000c48      0x100 build/main.o
                0x0000000020000c48                rx_buff
 .bss.rx_flag   0x0000000020000d48        0x1 build/main.o
                0x0000000020000d48                rx_flag
 *fill*         0x0000000020000d49        0x3 
 .bss.slave     0x0000000020000d4c        0xc build/main.o
                0x0000000020000d4c                slave
 .bss.stat      0x0000000020000d58        0xc build/main.o
                0x0000000020000d58                stat
 .bss.tickcount1
                0x0000000020000d64        0x2 build/main.o
                0x0000000020000d64                tickcount1
 *fill*         0x0000000020000d66        0x2 
 .bss.tickcountBuff
                0x0000000020000d68        0x2 build/main.o
                0x0000000020000d68                tickcountBuff
 *fill*         0x0000000020000d6a        0x2 
 .bss.time      0x0000000020000d6c        0x2 build/main.o
                0x0000000020000d6c                time
 .bss.time250ms
                0x0000000020000d6e        0x1 build/main.o
                0x0000000020000d6e                time250ms
 *fill*         0x0000000020000d6f        0x1 
 .bss.tx_buff   0x0000000020000d70       0x10 build/main.o
                0x0000000020000d70                tx_buff
 .bss.uwTick    0x0000000020000d80        0x4 build/stm32f4xx_hal.o
                0x0000000020000d80                uwTick
 .bss.__lock___atexit_recursive_mutex
                0x0000000020000d84        0x1 c:/users/user/appdata/roaming/code/user/globalstorage/bmd.stm32-for-vscode/@xpack-dev-tools/arm-none-eabi-gcc/10.2.1-1.1.2/.content/bin/../lib/gcc/arm-none-eabi/10.2.1/../../../../arm-none-eabi/lib/thumb/v7e-m+fp/hard\libc.a(lib_a-lock.o)
                0x0000000020000d84                __lock___atexit_recursive_mutex
 *fill*         0x0000000020000d85        0x3 
 .bss.errno     0x0000000020000d88        0x4 c:/users/user/appdata/roaming/code/user/globalstorage/bmd.stm32-for-vscode/@xpack-dev-tools/arm-none-eabi-gcc/10.2.1-1.1.2/.content/bin/../lib/gcc/arm-none-eabi/10.2.1/../../../../arm-none-eabi/lib/thumb/v7e-m+fp/hard\libc.a(lib_a-reent.o)
                0x0000000020000d88                errno
 *(COMMON)
                0x0000000020000d8c                . = ALIGN (0x4)
                0x0000000020000d8c                _ebss = .
                0x0000000020000d8c                __bss_end__ = _ebss

._user_heap_stack
                0x0000000020000d8c      0x604
                0x0000000020000d90                . = ALIGN (0x8)
 *fill*         0x0000000020000d8c        0x4 
                0x0000000020000d90                PROVIDE (end = .)
                [!provide]                        PROVIDE (_end = .)
                0x0000000020000f90                . = (. + _Min_Heap_Size)
 *fill*         0x0000000020000d90      0x200 
                0x0000000020001390                . = (. + _Min_Stack_Size)
 *fill*         0x0000000020000f90      0x400 
                0x0000000020001390                . = ALIGN (0x8)

/DISCARD/
 libc.a(*)
 libm.a(*)
 libgcc.a(*)

.ARM.attributes
                0x0000000000000000       0x30
 *(.ARM.attributes)
 .ARM.attributes
                0x0000000000000000       0x1e c:/users/user/appdata/roaming/code/user/globalstorage/bmd.stm32-for-vscode/@xpack-dev-tools/arm-none-eabi-gcc/10.2.1-1.1.2/.content/bin/../lib/gcc/arm-none-eabi/10.2.1/thumb/v7e-m+fp/hard/crti.o
 .ARM.attributes
                0x000000000000001e       0x34 c:/users/user/appdata/roaming/code/user/globalstorage/bmd.stm32-for-vscode/@xpack-dev-tools/arm-none-eabi-gcc/10.2.1-1.1.2/.content/bin/../lib/gcc/arm-none-eabi/10.2.1/thumb/v7e-m+fp/hard/crtbegin.o
 .ARM.attributes
                0x0000000000000052       0x34 build/Detector.o
 .ARM.attributes
                0x0000000000000086       0x34 build/FindX.o
 .ARM.attributes
                0x00000000000000ba       0x34 build/StatPM.o
 .ARM.attributes
                0x00000000000000ee       0x34 build/stat.o
 .ARM.attributes
                0x0000000000000122       0x34 build/NOS_ModBus.o
 .ARM.attributes
                0x0000000000000156       0x34 build/main.o
 .ARM.attributes
                0x000000000000018a       0x34 build/stm32f4xx_hal_msp.o
 .ARM.attributes
                0x00000000000001be       0x34 build/stm32f4xx_it.o
 .ARM.attributes
                0x00000000000001f2       0x34 build/system_stm32f4xx.o
 .ARM.attributes
                0x0000000000000226       0x34 build/stm32f4xx_hal.o
 .ARM.attributes
                0x000000000000025a       0x34 build/stm32f4xx_hal_cortex.o
 .ARM.attributes
                0x000000000000028e       0x34 build/stm32f4xx_hal_dma.o
 .ARM.attributes
                0x00000000000002c2       0x34 build/stm32f4xx_hal_gpio.o
 .ARM.attributes
                0x00000000000002f6       0x34 build/stm32f4xx_hal_rcc.o
 .ARM.attributes
                0x000000000000032a       0x34 build/stm32f4xx_hal_uart.o
 .ARM.attributes
                0x000000000000035e       0x21 build/startup_stm32f407xx.o
 .ARM.attributes
                0x000000000000037f       0x32 c:/users/user/appdata/roaming/code/user/globalstorage/bmd.stm32-for-vscode/@xpack-dev-tools/arm-none-eabi-gcc/10.2.1-1.1.2/.content/bin/../lib/gcc/arm-none-eabi/10.2.1/../../../../arm-none-eabi/lib/thumb/v7e-m+fp/hard\libc.a(lib_a-impure.o)
 .ARM.attributes
                0x00000000000003b1       0x34 c:/users/user/appdata/roaming/code/user/globalstorage/bmd.stm32-for-vscode/@xpack-dev-tools/arm-none-eabi-gcc/10.2.1-1.1.2/.content/bin/../lib/gcc/arm-none-eabi/10.2.1/../../../../arm-none-eabi/lib/thumb/v7e-m+fp/hard\libc.a(lib_a-init.o)
 .ARM.attributes
                0x00000000000003e5       0x34 c:/users/user/appdata/roaming/code/user/globalstorage/bmd.stm32-for-vscode/@xpack-dev-tools/arm-none-eabi-gcc/10.2.1-1.1.2/.content/bin/../lib/gcc/arm-none-eabi/10.2.1/../../../../arm-none-eabi/lib/thumb/v7e-m+fp/hard\libc.a(lib_a-memmove.o)
 .ARM.attributes
                0x0000000000000419       0x34 c:/users/user/appdata/roaming/code/user/globalstorage/bmd.stm32-for-vscode/@xpack-dev-tools/arm-none-eabi-gcc/10.2.1-1.1.2/.content/bin/../lib/gcc/arm-none-eabi/10.2.1/../../../../arm-none-eabi/lib/thumb/v7e-m+fp/hard\libc.a(lib_a-memset.o)
 .ARM.attributes
                0x000000000000044d       0x34 c:/users/user/appdata/roaming/code/user/globalstorage/bmd.stm32-for-vscode/@xpack-dev-tools/arm-none-eabi-gcc/10.2.1-1.1.2/.content/bin/../lib/gcc/arm-none-eabi/10.2.1/../../../../arm-none-eabi/lib/thumb/v7e-m+fp/hard\libc.a(lib_a-__call_atexit.o)
 .ARM.attributes
                0x0000000000000481       0x34 c:/users/user/appdata/roaming/code/user/globalstorage/bmd.stm32-for-vscode/@xpack-dev-tools/arm-none-eabi-gcc/10.2.1-1.1.2/.content/bin/../lib/gcc/arm-none-eabi/10.2.1/../../../../arm-none-eabi/lib/thumb/v7e-m+fp/hard\libc.a(lib_a-fini.o)
 .ARM.attributes
                0x00000000000004b5       0x34 c:/users/user/appdata/roaming/code/user/globalstorage/bmd.stm32-for-vscode/@xpack-dev-tools/arm-none-eabi-gcc/10.2.1-1.1.2/.content/bin/../lib/gcc/arm-none-eabi/10.2.1/../../../../arm-none-eabi/lib/thumb/v7e-m+fp/hard\libc.a(lib_a-lock.o)
 .ARM.attributes
                0x00000000000004e9       0x34 c:/users/user/appdata/roaming/code/user/globalstorage/bmd.stm32-for-vscode/@xpack-dev-tools/arm-none-eabi-gcc/10.2.1-1.1.2/.content/bin/../lib/gcc/arm-none-eabi/10.2.1/../../../../arm-none-eabi/lib/thumb/v7e-m+fp/hard\libc.a(lib_a-atexit.o)
 .ARM.attributes
                0x000000000000051d       0x34 c:/users/user/appdata/roaming/code/user/globalstorage/bmd.stm32-for-vscode/@xpack-dev-tools/arm-none-eabi-gcc/10.2.1-1.1.2/.content/bin/../lib/gcc/arm-none-eabi/10.2.1/../../../../arm-none-eabi/lib/thumb/v7e-m+fp/hard\libc.a(lib_a-__atexit.o)
 .ARM.attributes
                0x0000000000000551       0x34 c:/users/user/appdata/roaming/code/user/globalstorage/bmd.stm32-for-vscode/@xpack-dev-tools/arm-none-eabi-gcc/10.2.1-1.1.2/.content/bin/../lib/gcc/arm-none-eabi/10.2.1/../../../../arm-none-eabi/lib/thumb/v7e-m+fp/hard\libnosys.a(_exit.o)
 .ARM.attributes
                0x0000000000000585       0x1e c:/users/user/appdata/roaming/code/user/globalstorage/bmd.stm32-for-vscode/@xpack-dev-tools/arm-none-eabi-gcc/10.2.1-1.1.2/.content/bin/../lib/gcc/arm-none-eabi/10.2.1/thumb/v7e-m+fp/hard\libgcc.a(_arm_addsubdf3.o)
 .ARM.attributes
                0x00000000000005a3       0x1e c:/users/user/appdata/roaming/code/user/globalstorage/bmd.stm32-for-vscode/@xpack-dev-tools/arm-none-eabi-gcc/10.2.1-1.1.2/.content/bin/../lib/gcc/arm-none-eabi/10.2.1/thumb/v7e-m+fp/hard\libgcc.a(_arm_muldivdf3.o)
 .ARM.attributes
                0x00000000000005c1       0x1e c:/users/user/appdata/roaming/code/user/globalstorage/bmd.stm32-for-vscode/@xpack-dev-tools/arm-none-eabi-gcc/10.2.1-1.1.2/.content/bin/../lib/gcc/arm-none-eabi/10.2.1/thumb/v7e-m+fp/hard\libgcc.a(_arm_cmpdf2.o)
 .ARM.attributes
                0x00000000000005df       0x1e c:/users/user/appdata/roaming/code/user/globalstorage/bmd.stm32-for-vscode/@xpack-dev-tools/arm-none-eabi-gcc/10.2.1-1.1.2/.content/bin/../lib/gcc/arm-none-eabi/10.2.1/thumb/v7e-m+fp/hard\libgcc.a(_arm_truncdfsf2.o)
 .ARM.attributes
                0x00000000000005fd       0x1e c:/users/user/appdata/roaming/code/user/globalstorage/bmd.stm32-for-vscode/@xpack-dev-tools/arm-none-eabi-gcc/10.2.1-1.1.2/.content/bin/../lib/gcc/arm-none-eabi/10.2.1/thumb/v7e-m+fp/hard\libgcc.a(_arm_addsubsf3.o)
 .ARM.attributes
                0x000000000000061b       0x1e c:/users/user/appdata/roaming/code/user/globalstorage/bmd.stm32-for-vscode/@xpack-dev-tools/arm-none-eabi-gcc/10.2.1-1.1.2/.content/bin/../lib/gcc/arm-none-eabi/10.2.1/thumb/v7e-m+fp/hard\libgcc.a(_aeabi_uldivmod.o)
 .ARM.attributes
                0x0000000000000639       0x34 c:/users/user/appdata/roaming/code/user/globalstorage/bmd.stm32-for-vscode/@xpack-dev-tools/arm-none-eabi-gcc/10.2.1-1.1.2/.content/bin/../lib/gcc/arm-none-eabi/10.2.1/thumb/v7e-m+fp/hard\libgcc.a(_udivmoddi4.o)
 .ARM.attributes
                0x000000000000066d       0x34 c:/users/user/appdata/roaming/code/user/globalstorage/bmd.stm32-for-vscode/@xpack-dev-tools/arm-none-eabi-gcc/10.2.1-1.1.2/.content/bin/../lib/gcc/arm-none-eabi/10.2.1/thumb/v7e-m+fp/hard\libgcc.a(unwind-arm.o)
 .ARM.attributes
                0x00000000000006a1       0x1e c:/users/user/appdata/roaming/code/user/globalstorage/bmd.stm32-for-vscode/@xpack-dev-tools/arm-none-eabi-gcc/10.2.1-1.1.2/.content/bin/../lib/gcc/arm-none-eabi/10.2.1/thumb/v7e-m+fp/hard\libgcc.a(libunwind.o)
 .ARM.attributes
                0x00000000000006bf       0x34 c:/users/user/appdata/roaming/code/user/globalstorage/bmd.stm32-for-vscode/@xpack-dev-tools/arm-none-eabi-gcc/10.2.1-1.1.2/.content/bin/../lib/gcc/arm-none-eabi/10.2.1/thumb/v7e-m+fp/hard\libgcc.a(pr-support.o)
 .ARM.attributes
                0x00000000000006f3       0x1e c:/users/user/appdata/roaming/code/user/globalstorage/bmd.stm32-for-vscode/@xpack-dev-tools/arm-none-eabi-gcc/10.2.1-1.1.2/.content/bin/../lib/gcc/arm-none-eabi/10.2.1/thumb/v7e-m+fp/hard\libgcc.a(_dvmd_tls.o)
 .ARM.attributes
                0x0000000000000711       0x34 c:/users/user/appdata/roaming/code/user/globalstorage/bmd.stm32-for-vscode/@xpack-dev-tools/arm-none-eabi-gcc/10.2.1-1.1.2/.content/bin/../lib/gcc/arm-none-eabi/10.2.1/../../../../arm-none-eabi/lib/thumb/v7e-m+fp/hard\libc.a(lib_a-abort.o)
 .ARM.attributes
                0x0000000000000745       0x1c c:/users/user/appdata/roaming/code/user/globalstorage/bmd.stm32-for-vscode/@xpack-dev-tools/arm-none-eabi-gcc/10.2.1-1.1.2/.content/bin/../lib/gcc/arm-none-eabi/10.2.1/../../../../arm-none-eabi/lib/thumb/v7e-m+fp/hard\libc.a(lib_a-memcpy.o)
 .ARM.attributes
                0x0000000000000761       0x34 c:/users/user/appdata/roaming/code/user/globalstorage/bmd.stm32-for-vscode/@xpack-dev-tools/arm-none-eabi-gcc/10.2.1-1.1.2/.content/bin/../lib/gcc/arm-none-eabi/10.2.1/../../../../arm-none-eabi/lib/thumb/v7e-m+fp/hard\libc.a(lib_a-signal.o)
 .ARM.attributes
                0x0000000000000795       0x34 c:/users/user/appdata/roaming/code/user/globalstorage/bmd.stm32-for-vscode/@xpack-dev-tools/arm-none-eabi-gcc/10.2.1-1.1.2/.content/bin/../lib/gcc/arm-none-eabi/10.2.1/../../../../arm-none-eabi/lib/thumb/v7e-m+fp/hard\libc.a(lib_a-signalr.o)
 .ARM.attributes
                0x00000000000007c9       0x34 c:/users/user/appdata/roaming/code/user/globalstorage/bmd.stm32-for-vscode/@xpack-dev-tools/arm-none-eabi-gcc/10.2.1-1.1.2/.content/bin/../lib/gcc/arm-none-eabi/10.2.1/../../../../arm-none-eabi/lib/thumb/v7e-m+fp/hard\libc.a(lib_a-reent.o)
 .ARM.attributes
                0x00000000000007fd       0x34 c:/users/user/appdata/roaming/code/user/globalstorage/bmd.stm32-for-vscode/@xpack-dev-tools/arm-none-eabi-gcc/10.2.1-1.1.2/.content/bin/../lib/gcc/arm-none-eabi/10.2.1/../../../../arm-none-eabi/lib/thumb/v7e-m+fp/hard\libnosys.a(getpid.o)
 .ARM.attributes
                0x0000000000000831       0x34 c:/users/user/appdata/roaming/code/user/globalstorage/bmd.stm32-for-vscode/@xpack-dev-tools/arm-none-eabi-gcc/10.2.1-1.1.2/.content/bin/../lib/gcc/arm-none-eabi/10.2.1/../../../../arm-none-eabi/lib/thumb/v7e-m+fp/hard\libnosys.a(kill.o)
 .ARM.attributes
                0x0000000000000865       0x1e c:/users/user/appdata/roaming/code/user/globalstorage/bmd.stm32-for-vscode/@xpack-dev-tools/arm-none-eabi-gcc/10.2.1-1.1.2/.content/bin/../lib/gcc/arm-none-eabi/10.2.1/thumb/v7e-m+fp/hard/crtn.o
OUTPUT(build/ttt.elf elf32-littlearm)
LOAD linker stubs
LOAD c:/users/user/appdata/roaming/code/user/globalstorage/bmd.stm32-for-vscode/@xpack-dev-tools/arm-none-eabi-gcc/10.2.1-1.1.2/.content/bin/../lib/gcc/arm-none-eabi/10.2.1/../../../../arm-none-eabi/lib/thumb/v7e-m+fp/hard\libc.a
LOAD c:/users/user/appdata/roaming/code/user/globalstorage/bmd.stm32-for-vscode/@xpack-dev-tools/arm-none-eabi-gcc/10.2.1-1.1.2/.content/bin/../lib/gcc/arm-none-eabi/10.2.1/../../../../arm-none-eabi/lib/thumb/v7e-m+fp/hard\libm.a
LOAD c:/users/user/appdata/roaming/code/user/globalstorage/bmd.stm32-for-vscode/@xpack-dev-tools/arm-none-eabi-gcc/10.2.1-1.1.2/.content/bin/../lib/gcc/arm-none-eabi/10.2.1/thumb/v7e-m+fp/hard\libgcc.a

.debug_info     0x0000000000000000     0xccab
 .debug_info    0x0000000000000000      0x18f build/Detector.o
 .debug_info    0x000000000000018f      0x6aa build/FindX.o
 .debug_info    0x0000000000000839      0x43a build/StatPM.o
 .debug_info    0x0000000000000c73      0x9b4 build/stat.o
 .debug_info    0x0000000000001627      0x477 build/NOS_ModBus.o
 .debug_info    0x0000000000001a9e     0x1841 build/main.o
 .debug_info    0x00000000000032df      0xd03 build/stm32f4xx_hal_msp.o
 .debug_info    0x0000000000003fe2      0x6e6 build/stm32f4xx_it.o
 .debug_info    0x00000000000046c8      0x5b3 build/system_stm32f4xx.o
 .debug_info    0x0000000000004c7b      0xacf build/stm32f4xx_hal.o
 .debug_info    0x000000000000574a     0x1174 build/stm32f4xx_hal_cortex.o
 .debug_info    0x00000000000068be      0xbd1 build/stm32f4xx_hal_dma.o
 .debug_info    0x000000000000748f      0x848 build/stm32f4xx_hal_gpio.o
 .debug_info    0x0000000000007cd7      0xbe6 build/stm32f4xx_hal_rcc.o
 .debug_info    0x00000000000088bd     0x43cc build/stm32f4xx_hal_uart.o
 .debug_info    0x000000000000cc89       0x22 build/startup_stm32f407xx.o

.debug_abbrev   0x0000000000000000     0x216f
 .debug_abbrev  0x0000000000000000       0xe3 build/Detector.o
 .debug_abbrev  0x00000000000000e3      0x2bf build/FindX.o
 .debug_abbrev  0x00000000000003a2      0x145 build/StatPM.o
 .debug_abbrev  0x00000000000004e7      0x35d build/stat.o
 .debug_abbrev  0x0000000000000844      0x148 build/NOS_ModBus.o
 .debug_abbrev  0x000000000000098c      0x2f5 build/main.o
 .debug_abbrev  0x0000000000000c81      0x1bc build/stm32f4xx_hal_msp.o
 .debug_abbrev  0x0000000000000e3d      0x157 build/stm32f4xx_it.o
 .debug_abbrev  0x0000000000000f94      0x11b build/system_stm32f4xx.o
 .debug_abbrev  0x00000000000010af      0x209 build/stm32f4xx_hal.o
 .debug_abbrev  0x00000000000012b8      0x382 build/stm32f4xx_hal_cortex.o
 .debug_abbrev  0x000000000000163a      0x2ff build/stm32f4xx_hal_dma.o
 .debug_abbrev  0x0000000000001939      0x22b build/stm32f4xx_hal_gpio.o
 .debug_abbrev  0x0000000000001b64      0x2aa build/stm32f4xx_hal_rcc.o
 .debug_abbrev  0x0000000000001e0e      0x34f build/stm32f4xx_hal_uart.o
 .debug_abbrev  0x000000000000215d       0x12 build/startup_stm32f407xx.o

.debug_loc      0x0000000000000000     0x8a84
 .debug_loc     0x0000000000000000       0x38 build/Detector.o
 .debug_loc     0x0000000000000038      0x58f build/FindX.o
 .debug_loc     0x00000000000005c7      0x1f6 build/StatPM.o
 .debug_loc     0x00000000000007bd      0x7ab build/stat.o
 .debug_loc     0x0000000000000f68      0x2b3 build/NOS_ModBus.o
 .debug_loc     0x000000000000121b      0x1f0 build/main.o
 .debug_loc     0x000000000000140b      0x114 build/stm32f4xx_hal_msp.o
 .debug_loc     0x000000000000151f       0x20 build/stm32f4xx_it.o
 .debug_loc     0x000000000000153f      0x158 build/system_stm32f4xx.o
 .debug_loc     0x0000000000001697      0x1e1 build/stm32f4xx_hal.o
 .debug_loc     0x0000000000001878      0x7a4 build/stm32f4xx_hal_cortex.o
 .debug_loc     0x000000000000201c      0xd6d build/stm32f4xx_hal_dma.o
 .debug_loc     0x0000000000002d89      0x5e8 build/stm32f4xx_hal_gpio.o
 .debug_loc     0x0000000000003371      0x6e4 build/stm32f4xx_hal_rcc.o
 .debug_loc     0x0000000000003a55     0x502f build/stm32f4xx_hal_uart.o

.debug_aranges  0x0000000000000000      0x7d0
 .debug_aranges
                0x0000000000000000       0x28 build/Detector.o
 .debug_aranges
                0x0000000000000028       0x68 build/FindX.o
 .debug_aranges
                0x0000000000000090       0x40 build/StatPM.o
 .debug_aranges
                0x00000000000000d0       0x70 build/stat.o
 .debug_aranges
                0x0000000000000140       0x40 build/NOS_ModBus.o
 .debug_aranges
                0x0000000000000180       0x68 build/main.o
 .debug_aranges
                0x00000000000001e8       0x30 build/stm32f4xx_hal_msp.o
 .debug_aranges
                0x0000000000000218       0x60 build/stm32f4xx_it.o
 .debug_aranges
                0x0000000000000278       0x28 build/system_stm32f4xx.o
 .debug_aranges
                0x00000000000002a0       0xf0 build/stm32f4xx_hal.o
 .debug_aranges
                0x0000000000000390       0xa8 build/stm32f4xx_hal_cortex.o
 .debug_aranges
                0x0000000000000438       0x90 build/stm32f4xx_hal_dma.o
 .debug_aranges
                0x00000000000004c8       0x58 build/stm32f4xx_hal_gpio.o
 .debug_aranges
                0x0000000000000520       0x88 build/stm32f4xx_hal_rcc.o
 .debug_aranges
                0x00000000000005a8      0x200 build/stm32f4xx_hal_uart.o
 .debug_aranges
                0x00000000000007a8       0x28 build/startup_stm32f407xx.o

.debug_ranges   0x0000000000000000      0x7c8
 .debug_ranges  0x0000000000000000       0x18 build/Detector.o
 .debug_ranges  0x0000000000000018       0x58 build/FindX.o
 .debug_ranges  0x0000000000000070       0x30 build/StatPM.o
 .debug_ranges  0x00000000000000a0       0xa8 build/stat.o
 .debug_ranges  0x0000000000000148       0x30 build/NOS_ModBus.o
 .debug_ranges  0x0000000000000178       0x70 build/main.o
 .debug_ranges  0x00000000000001e8       0x20 build/stm32f4xx_hal_msp.o
 .debug_ranges  0x0000000000000208       0x50 build/stm32f4xx_it.o
 .debug_ranges  0x0000000000000258       0x18 build/system_stm32f4xx.o
 .debug_ranges  0x0000000000000270       0xe0 build/stm32f4xx_hal.o
 .debug_ranges  0x0000000000000350       0xf8 build/stm32f4xx_hal_cortex.o
 .debug_ranges  0x0000000000000448       0x80 build/stm32f4xx_hal_dma.o
 .debug_ranges  0x00000000000004c8       0x48 build/stm32f4xx_hal_gpio.o
 .debug_ranges  0x0000000000000510       0x90 build/stm32f4xx_hal_rcc.o
 .debug_ranges  0x00000000000005a0      0x208 build/stm32f4xx_hal_uart.o
 .debug_ranges  0x00000000000007a8       0x20 build/startup_stm32f407xx.o

.debug_line     0x0000000000000000     0xa1be
 .debug_line    0x0000000000000000      0x219 build/Detector.o
 .debug_line    0x0000000000000219      0x6b1 build/FindX.o
 .debug_line    0x00000000000008ca      0x2df build/StatPM.o
 .debug_line    0x0000000000000ba9      0x80a build/stat.o
 .debug_line    0x00000000000013b3      0x427 build/NOS_ModBus.o
 .debug_line    0x00000000000017da      0x967 build/main.o
 .debug_line    0x0000000000002141      0x331 build/stm32f4xx_hal_msp.o
 .debug_line    0x0000000000002472      0x346 build/stm32f4xx_it.o
 .debug_line    0x00000000000027b8      0x2f2 build/system_stm32f4xx.o
 .debug_line    0x0000000000002aaa      0x607 build/stm32f4xx_hal.o
 .debug_line    0x00000000000030b1      0x81a build/stm32f4xx_hal_cortex.o
 .debug_line    0x00000000000038cb      0xecf build/stm32f4xx_hal_dma.o
 .debug_line    0x000000000000479a      0x783 build/stm32f4xx_hal_gpio.o
 .debug_line    0x0000000000004f1d      0xbb1 build/stm32f4xx_hal_rcc.o
 .debug_line    0x0000000000005ace     0x467a build/stm32f4xx_hal_uart.o
 .debug_line    0x000000000000a148       0x76 build/startup_stm32f407xx.o

.debug_str      0x0000000000000000     0x2afb
 .debug_str     0x0000000000000000      0x1b7 build/Detector.o
                                        0x204 (size before relaxing)
 .debug_str     0x00000000000001b7      0x1b4 build/FindX.o
                                        0x353 (size before relaxing)
 .debug_str     0x000000000000036b       0xf3 build/StatPM.o
                                        0x30b (size before relaxing)
 .debug_str     0x000000000000045e      0x197 build/stat.o
                                        0x3dd (size before relaxing)
 .debug_str     0x00000000000005f5      0x1b2 build/NOS_ModBus.o
                                        0x33a (size before relaxing)
 .debug_str     0x00000000000007a7      0xe57 build/main.o
                                       0x11c5 (size before relaxing)
 .debug_str     0x00000000000015fe       0x71 build/stm32f4xx_hal_msp.o
                                        0xcb2 (size before relaxing)
 .debug_str     0x000000000000166f       0xbe build/stm32f4xx_it.o
                                        0x671 (size before relaxing)
 .debug_str     0x000000000000172d       0xd8 build/system_stm32f4xx.o
                                        0x34b (size before relaxing)
 .debug_str     0x0000000000001805      0x35e build/stm32f4xx_hal.o
                                        0xb30 (size before relaxing)
 .debug_str     0x0000000000001b63      0x42a build/stm32f4xx_hal_cortex.o
                                        0xc02 (size before relaxing)
 .debug_str     0x0000000000001f8d      0x316 build/stm32f4xx_hal_dma.o
                                        0x74c (size before relaxing)
 .debug_str     0x00000000000022a3       0xf9 build/stm32f4xx_hal_gpio.o
                                        0x4b6 (size before relaxing)
 .debug_str     0x000000000000239c      0x196 build/stm32f4xx_hal_rcc.o
                                        0x6dc (size before relaxing)
 .debug_str     0x0000000000002532      0x5a5 build/stm32f4xx_hal_uart.o
                                        0xd2f (size before relaxing)
 .debug_str     0x0000000000002ad7       0x24 build/startup_stm32f407xx.o
                                         0x40 (size before relaxing)

.comment        0x0000000000000000       0x44